[0.006s] Invoking command in '/home/amaya/NMTLunabotics2027/ros2_ws/build/camera': CMAKE_PREFIX_PATH=/opt/ros/humble /usr/bin/cmake --build /home/amaya/NMTLunabotics2027/ros2_ws/build/camera -- -j32 -l32
[0.023s] -- Found ament_cmake: 1.3.14 (/opt/ros/humble/share/ament_cmake/cmake)
[0.101s] -- Found rclcpp: 16.0.19 (/opt/ros/humble/share/rclcpp/cmake)
[0.116s] -- Found rosidl_generator_c: 3.1.9 (/opt/ros/humble/share/rosidl_generator_c/cmake)
[0.117s] -- Found rosidl_adapter: 3.1.9 (/opt/ros/humble/share/rosidl_adapter/cmake)
[0.120s] -- Found rosidl_generator_cpp: 3.1.9 (/opt/ros/humble/share/rosidl_generator_cpp/cmake)
[0.124s] -- Using all available rosidl_typesupport_c: rosidl_typesupport_fastrtps_c;rosidl_typesupport_introspection_c
[0.130s] -- Using all available rosidl_typesupport_cpp: rosidl_typesupport_fastrtps_cpp;rosidl_typesupport_introspection_cpp
[0.145s] -- Found rmw_implementation_cmake: 6.1.3 (/opt/ros/humble/share/rmw_implementation_cmake/cmake)
[0.145s] -- Found rmw_fastrtps_cpp: 6.2.10 (/opt/ros/humble/share/rmw_fastrtps_cpp/cmake)
[0.211s] -- Using RMW implementation 'rmw_fastrtps_cpp' as default
[0.245s] -- Found rosidl_default_generators: 1.2.1 (/opt/ros/humble/share/rosidl_default_generators/cmake)
[0.279s] -- Configuring done
[0.281s] -- Generating done
[0.284s] -- Build files have been written to: /home/amaya/NMTLunabotics2027/ros2_ws/build/camera
[0.306s] Invoked command in '/home/amaya/NMTLunabotics2027/ros2_ws/build/camera' returned '0': CMAKE_PREFIX_PATH=/opt/ros/humble /usr/bin/cmake --build /home/amaya/NMTLunabotics2027/ros2_ws/build/camera -- -j32 -l32
[0.316s] Invoking command in '/home/amaya/NMTLunabotics2027/ros2_ws/build/camera': CMAKE_PREFIX_PATH=/opt/ros/humble /usr/bin/cmake --install /home/amaya/NMTLunabotics2027/ros2_ws/build/camera
[0.325s] -- Install configuration: ""
[0.325s] [31mCMake Error at cmake_install.cmake:46 (file):
[0.325s]   file INSTALL cannot find
[0.325s]   "/home/amaya/NMTLunabotics2027/ros2_ws/src/camera/launch": No such file or
[0.326s]   directory.
[0.326s] 
[0.326s] [0m
[0.327s] Invoked command in '/home/amaya/NMTLunabotics2027/ros2_ws/build/camera' returned '1': CMAKE_PREFIX_PATH=/opt/ros/humble /usr/bin/cmake --install /home/amaya/NMTLunabotics2027/ros2_ws/build/camera
