-- Install configuration: ""
-- Up-to-date: /home/amaya/NMTLunabotics2027/ros2_ws/install/camera/share/camera//launch
-- Up-to-date: /home/amaya/NMTLunabotics2027/ros2_ws/install/camera/share/camera//launch/usb_camera_launch.py
-- Up-to-date: /home/amaya/NMTLunabotics2027/ros2_ws/install/camera/share/camera//launch/usb_camera_launch_compressed.py
-- Up-to-date: /home/amaya/NMTLunabotics2027/ros2_ws/install/camera/share/camera//launch/view_camera_launch.py
-- Up-to-date: /home/amaya/NMTLunabotics2027/ros2_ws/install/camera/share/camera//launch/realsense_launch.py
-- Up-to-date: /home/amaya/NMTLunabotics2027/ros2_ws/install/camera/share/camera//config
-- Up-to-date: /home/amaya/NMTLunabotics2027/ros2_ws/install/camera/share/camera//config/cameras.yaml
-- Installing: /home/amaya/NMTLunabotics2027/ros2_ws/install/camera/share/camera//config/realsense_cameras.yml
-- Installing: /home/amaya/NMTLunabotics2027/ros2_ws/install/camera/share/camera//config/pc_cameras.yaml
-- Up-to-date: /home/amaya/NMTLunabotics2027/ros2_ws/install/camera/share/camera//config/backup.yaml
-- Up-to-date: /home/amaya/NMTLunabotics2027/ros2_ws/install/camera/lib/camera/camera_manager.py
-- Up-to-date: /home/amaya/NMTLunabotics2027/ros2_ws/install/camera/lib/camera/simple_decoder.py
-- Up-to-date: /home/amaya/NMTLunabotics2027/ros2_ws/install/camera/lib/camera/stream_viewer.py
-- Up-to-date: /home/amaya/NMTLunabotics2027/ros2_ws/install/camera/share/ament_index/resource_index/package_run_dependencies/camera
-- Up-to-date: /home/amaya/NMTLunabotics2027/ros2_ws/install/camera/share/ament_index/resource_index/parent_prefix_path/camera
-- Up-to-date: /home/amaya/NMTLunabotics2027/ros2_ws/install/camera/share/camera/environment/ament_prefix_path.sh
-- Up-to-date: /home/amaya/NMTLunabotics2027/ros2_ws/install/camera/share/camera/environment/ament_prefix_path.dsv
-- Up-to-date: /home/amaya/NMTLunabotics2027/ros2_ws/install/camera/share/camera/environment/path.sh
-- Up-to-date: /home/amaya/NMTLunabotics2027/ros2_ws/install/camera/share/camera/environment/path.dsv
-- Up-to-date: /home/amaya/NMTLunabotics2027/ros2_ws/install/camera/share/camera/local_setup.bash
-- Up-to-date: /home/amaya/NMTLunabotics2027/ros2_ws/install/camera/share/camera/local_setup.sh
-- Up-to-date: /home/amaya/NMTLunabotics2027/ros2_ws/install/camera/share/camera/local_setup.zsh
-- Up-to-date: /home/amaya/NMTLunabotics2027/ros2_ws/install/camera/share/camera/local_setup.dsv
-- Installing: /home/amaya/NMTLunabotics2027/ros2_ws/install/camera/share/camera/package.dsv
-- Up-to-date: /home/amaya/NMTLunabotics2027/ros2_ws/install/camera/share/ament_index/resource_index/packages/camera
-- Up-to-date: /home/amaya/NMTLunabotics2027/ros2_ws/install/camera/share/camera/cmake/ament_cmake_export_dependencies-extras.cmake
-- Up-to-date: /home/amaya/NMTLunabotics2027/ros2_ws/install/camera/share/camera/cmake/cameraConfig.cmake
-- Up-to-date: /home/amaya/NMTLunabotics2027/ros2_ws/install/camera/share/camera/cmake/cameraConfig-version.cmake
-- Up-to-date: /home/amaya/NMTLunabotics2027/ros2_ws/install/camera/share/camera/package.xml
