running egg_info
writing ../../build/my_robot_voltage/my_robot_voltage.egg-info/PKG-INFO
writing dependency_links to ../../build/my_robot_voltage/my_robot_voltage.egg-info/dependency_links.txt
writing entry points to ../../build/my_robot_voltage/my_robot_voltage.egg-info/entry_points.txt
writing requirements to ../../build/my_robot_voltage/my_robot_voltage.egg-info/requires.txt
writing top-level names to ../../build/my_robot_voltage/my_robot_voltage.egg-info/top_level.txt
reading manifest file '../../build/my_robot_voltage/my_robot_voltage.egg-info/SOURCES.txt'
writing manifest file '../../build/my_robot_voltage/my_robot_voltage.egg-info/SOURCES.txt'
running build
running build_py
copying my_robot_voltage/voltage_node.py -> /home/amaya/NMTLunabotics2027/ros2_ws/build/my_robot_voltage/build/lib/my_robot_voltage
running install
running install_lib
copying /home/amaya/NMTLunabotics2027/ros2_ws/build/my_robot_voltage/build/lib/my_robot_voltage/voltage_node.py -> /home/amaya/NMTLunabotics2027/ros2_ws/install/my_robot_voltage/lib/python3.10/site-packages/my_robot_voltage
byte-compiling /home/amaya/NMTLunabotics2027/ros2_ws/install/my_robot_voltage/lib/python3.10/site-packages/my_robot_voltage/voltage_node.py to voltage_node.cpython-310.pyc
running install_data
running install_egg_info
removing '/home/amaya/NMTLunabotics2027/ros2_ws/install/my_robot_voltage/lib/python3.10/site-packages/my_robot_voltage-0.0.0-py3.10.egg-info' (and everything under it)
Copying ../../build/my_robot_voltage/my_robot_voltage.egg-info to /home/amaya/NMTLunabotics2027/ros2_ws/install/my_robot_voltage/lib/python3.10/site-packages/my_robot_voltage-0.0.0-py3.10.egg-info
running install_scripts
Installing voltage_node script to /home/amaya/NMTLunabotics2027/ros2_ws/install/my_robot_voltage/lib/my_robot_voltage
writing list of installed files to '/home/amaya/NMTLunabotics2027/ros2_ws/build/my_robot_voltage/install.log'
