[0.389s] Invoking command in '/home/amaya/NMTLunabotics2027/ros2_ws/src/my_robot_voltage': PYTHONPATH=/home/amaya/NMTLunabotics2027/ros2_ws/build/my_robot_voltage/prefix_override:/usr/lib/python3/dist-packages/colcon_core/task/python/colcon_distutils_commands:/home/amaya/NMTLunabotics2027/ros2_ws/install/my_robot_voltage/lib/python3.10/site-packages:${PYTHONPATH} /usr/bin/python3 -W ignore:setup.py install is deprecated -W ignore:easy_install command is deprecated setup.py egg_info --egg-base ../../build/my_robot_voltage build --build-base /home/amaya/NMTLunabotics2027/ros2_ws/build/my_robot_voltage/build install --record /home/amaya/NMTLunabotics2027/ros2_ws/build/my_robot_voltage/install.log --install-scripts $base/lib/my_robot_voltage --single-version-externally-managed install_data
[0.490s] running egg_info
[0.490s] writing ../../build/my_robot_voltage/my_robot_voltage.egg-info/PKG-INFO
[0.490s] writing dependency_links to ../../build/my_robot_voltage/my_robot_voltage.egg-info/dependency_links.txt
[0.490s] writing entry points to ../../build/my_robot_voltage/my_robot_voltage.egg-info/entry_points.txt
[0.491s] writing requirements to ../../build/my_robot_voltage/my_robot_voltage.egg-info/requires.txt
[0.491s] writing top-level names to ../../build/my_robot_voltage/my_robot_voltage.egg-info/top_level.txt
[0.491s] reading manifest file '../../build/my_robot_voltage/my_robot_voltage.egg-info/SOURCES.txt'
[0.491s] writing manifest file '../../build/my_robot_voltage/my_robot_voltage.egg-info/SOURCES.txt'
[0.491s] running build
[0.491s] running build_py
[0.491s] running install
[0.491s] running install_lib
[0.492s] running install_data
[0.492s] running install_egg_info
[0.493s] removing '/home/amaya/NMTLunabotics2027/ros2_ws/install/my_robot_voltage/lib/python3.10/site-packages/my_robot_voltage-0.0.0-py3.10.egg-info' (and everything under it)
[0.493s] Copying ../../build/my_robot_voltage/my_robot_voltage.egg-info to /home/amaya/NMTLunabotics2027/ros2_ws/install/my_robot_voltage/lib/python3.10/site-packages/my_robot_voltage-0.0.0-py3.10.egg-info
[0.493s] running install_scripts
[0.503s] Installing voltage_node script to /home/amaya/NMTLunabotics2027/ros2_ws/install/my_robot_voltage/lib/my_robot_voltage
[0.503s] writing list of installed files to '/home/amaya/NMTLunabotics2027/ros2_ws/build/my_robot_voltage/install.log'
[0.518s] Invoked command in '/home/amaya/NMTLunabotics2027/ros2_ws/src/my_robot_voltage' returned '0': PYTHONPATH=/home/amaya/NMTLunabotics2027/ros2_ws/build/my_robot_voltage/prefix_override:/usr/lib/python3/dist-packages/colcon_core/task/python/colcon_distutils_commands:/home/amaya/NMTLunabotics2027/ros2_ws/install/my_robot_voltage/lib/python3.10/site-packages:${PYTHONPATH} /usr/bin/python3 -W ignore:setup.py install is deprecated -W ignore:easy_install command is deprecated setup.py egg_info --egg-base ../../build/my_robot_voltage build --build-base /home/amaya/NMTLunabotics2027/ros2_ws/build/my_robot_voltage/build install --record /home/amaya/NMTLunabotics2027/ros2_ws/build/my_robot_voltage/install.log --install-scripts $base/lib/my_robot_voltage --single-version-externally-managed install_data
