[0.062s] DEBUG:colcon:Command line arguments: ['/usr/bin/colcon', 'build']
[0.062s] DEBUG:colcon:Parsed command line arguments: Namespace(log_base=None, log_level=None, verb_name='build', build_base='build', install_base='install', merge_install=False, symlink_install=False, test_result_base=None, continue_on_error=False, executor='parallel', parallel_workers=32, event_handlers=None, ignore_user_meta=False, metas=['./colcon.meta'], base_paths=['.'], packages_ignore=None, packages_ignore_regex=None, paths=None, packages_up_to=None, packages_up_to_regex=None, packages_above=None, packages_above_and_dependencies=None, packages_above_depth=None, packages_select_by_dep=None, packages_skip_by_dep=None, packages_skip_up_to=None, packages_select_build_failed=False, packages_skip_build_finished=False, packages_select_test_failures=False, packages_skip_test_passed=False, packages_select=None, packages_skip=None, packages_select_regex=None, packages_skip_regex=None, packages_start=None, packages_end=None, allow_overriding=[], cmake_args=None, cmake_target=None, cmake_target_skip_unavailable=False, cmake_clean_cache=False, cmake_clean_first=False, cmake_force_configure=False, ament_cmake_args=None, catkin_cmake_args=None, catkin_skip_building_tests=False, mixin_files=None, mixin=None, verb_parser=<colcon_mixin.mixin.mixin_argument.MixinArgumentDecorator object at 0x7e437c96dc00>, verb_extension=<colcon_core.verb.build.BuildVerb object at 0x7e437c96d390>, main=<bound method BuildVerb.main of <colcon_core.verb.build.BuildVerb object at 0x7e437c96d390>>, mixin_verb=('build',))
[0.208s] Level 1:colcon.colcon_core.package_discovery:discover_packages(colcon_meta) check parameters
[0.208s] Level 1:colcon.colcon_core.package_discovery:discover_packages(recursive) check parameters
[0.208s] Level 1:colcon.colcon_core.package_discovery:discover_packages(ignore) check parameters
[0.208s] Level 1:colcon.colcon_core.package_discovery:discover_packages(path) check parameters
[0.208s] Level 1:colcon.colcon_core.package_discovery:discover_packages(colcon_meta) discover
[0.208s] Level 1:colcon.colcon_core.package_discovery:discover_packages(recursive) discover
[0.208s] INFO:colcon.colcon_core.package_discovery:Crawling recursively for packages in '/home/amaya/NMTLunabotics2027/ros2_ws'
[0.208s] Level 1:colcon.colcon_core.package_identification:_identify(.) by extensions ['ignore', 'ignore_ament_install']
[0.209s] Level 1:colcon.colcon_core.package_identification:_identify(.) by extension 'ignore'
[0.209s] Level 1:colcon.colcon_core.package_identification:_identify(.) by extension 'ignore_ament_install'
[0.209s] Level 1:colcon.colcon_core.package_identification:_identify(.) by extensions ['colcon_pkg']
[0.209s] Level 1:colcon.colcon_core.package_identification:_identify(.) by extension 'colcon_pkg'
[0.209s] Level 1:colcon.colcon_core.package_identification:_identify(.) by extensions ['colcon_meta']
[0.209s] Level 1:colcon.colcon_core.package_identification:_identify(.) by extension 'colcon_meta'
[0.209s] Level 1:colcon.colcon_core.package_identification:_identify(.) by extensions ['ros']
[0.209s] Level 1:colcon.colcon_core.package_identification:_identify(.) by extension 'ros'
[0.214s] Level 1:colcon.colcon_core.package_identification:_identify(.) by extensions ['cmake', 'python']
[0.214s] Level 1:colcon.colcon_core.package_identification:_identify(.) by extension 'cmake'
[0.214s] Level 1:colcon.colcon_core.package_identification:_identify(.) by extension 'python'
[0.214s] Level 1:colcon.colcon_core.package_identification:_identify(.) by extensions ['python_setup_py']
[0.214s] Level 1:colcon.colcon_core.package_identification:_identify(.) by extension 'python_setup_py'
[0.214s] Level 1:colcon.colcon_core.package_identification:_identify(build) by extensions ['ignore', 'ignore_ament_install']
[0.214s] Level 1:colcon.colcon_core.package_identification:_identify(build) by extension 'ignore'
[0.214s] Level 1:colcon.colcon_core.package_identification:_identify(build) ignored
[0.214s] Level 1:colcon.colcon_core.package_identification:_identify(install) by extensions ['ignore', 'ignore_ament_install']
[0.214s] Level 1:colcon.colcon_core.package_identification:_identify(install) by extension 'ignore'
[0.214s] Level 1:colcon.colcon_core.package_identification:_identify(install) ignored
[0.215s] Level 1:colcon.colcon_core.package_identification:_identify(log) by extensions ['ignore', 'ignore_ament_install']
[0.215s] Level 1:colcon.colcon_core.package_identification:_identify(log) by extension 'ignore'
[0.215s] Level 1:colcon.colcon_core.package_identification:_identify(log) ignored
[0.215s] Level 1:colcon.colcon_core.package_identification:_identify(src) by extensions ['ignore', 'ignore_ament_install']
[0.215s] Level 1:colcon.colcon_core.package_identification:_identify(src) by extension 'ignore'
[0.215s] Level 1:colcon.colcon_core.package_identification:_identify(src) by extension 'ignore_ament_install'
[0.215s] Level 1:colcon.colcon_core.package_identification:_identify(src) by extensions ['colcon_pkg']
[0.215s] Level 1:colcon.colcon_core.package_identification:_identify(src) by extension 'colcon_pkg'
[0.215s] Level 1:colcon.colcon_core.package_identification:_identify(src) by extensions ['colcon_meta']
[0.215s] Level 1:colcon.colcon_core.package_identification:_identify(src) by extension 'colcon_meta'
[0.215s] Level 1:colcon.colcon_core.package_identification:_identify(src) by extensions ['ros']
[0.215s] Level 1:colcon.colcon_core.package_identification:_identify(src) by extension 'ros'
[0.215s] Level 1:colcon.colcon_core.package_identification:_identify(src) by extensions ['cmake', 'python']
[0.215s] Level 1:colcon.colcon_core.package_identification:_identify(src) by extension 'cmake'
[0.215s] Level 1:colcon.colcon_core.package_identification:_identify(src) by extension 'python'
[0.215s] Level 1:colcon.colcon_core.package_identification:_identify(src) by extensions ['python_setup_py']
[0.215s] Level 1:colcon.colcon_core.package_identification:_identify(src) by extension 'python_setup_py'
[0.215s] Level 1:colcon.colcon_core.package_identification:_identify(src/my_robot_voltage) by extensions ['ignore', 'ignore_ament_install']
[0.215s] Level 1:colcon.colcon_core.package_identification:_identify(src/my_robot_voltage) by extension 'ignore'
[0.215s] Level 1:colcon.colcon_core.package_identification:_identify(src/my_robot_voltage) by extension 'ignore_ament_install'
[0.215s] Level 1:colcon.colcon_core.package_identification:_identify(src/my_robot_voltage) by extensions ['colcon_pkg']
[0.215s] Level 1:colcon.colcon_core.package_identification:_identify(src/my_robot_voltage) by extension 'colcon_pkg'
[0.215s] Level 1:colcon.colcon_core.package_identification:_identify(src/my_robot_voltage) by extensions ['colcon_meta']
[0.215s] Level 1:colcon.colcon_core.package_identification:_identify(src/my_robot_voltage) by extension 'colcon_meta'
[0.215s] Level 1:colcon.colcon_core.package_identification:_identify(src/my_robot_voltage) by extensions ['ros']
[0.215s] Level 1:colcon.colcon_core.package_identification:_identify(src/my_robot_voltage) by extension 'ros'
[0.217s] DEBUG:colcon.colcon_core.package_identification:Package 'src/my_robot_voltage' with type 'ros.ament_python' and name 'my_robot_voltage'
[0.217s] Level 1:colcon.colcon_core.package_discovery:discover_packages(recursive) using defaults
[0.217s] Level 1:colcon.colcon_core.package_discovery:discover_packages(ignore) discover
[0.217s] Level 1:colcon.colcon_core.package_discovery:discover_packages(ignore) using defaults
[0.217s] Level 1:colcon.colcon_core.package_discovery:discover_packages(path) discover
[0.217s] Level 1:colcon.colcon_core.package_discovery:discover_packages(path) using defaults
[0.234s] Level 1:colcon.colcon_core.package_discovery:discover_packages(prefix_path) check parameters
[0.234s] Level 1:colcon.colcon_core.package_discovery:discover_packages(prefix_path) discover
[0.236s] DEBUG:colcon.colcon_installed_package_information.package_discovery:Found 351 installed packages in /opt/ros/humble
[0.236s] Level 1:colcon.colcon_core.package_discovery:discover_packages(prefix_path) using defaults
[0.255s] Level 5:colcon.colcon_core.verb:set package 'my_robot_voltage' build argument 'cmake_args' from command line to 'None'
[0.255s] Level 5:colcon.colcon_core.verb:set package 'my_robot_voltage' build argument 'cmake_target' from command line to 'None'
[0.256s] Level 5:colcon.colcon_core.verb:set package 'my_robot_voltage' build argument 'cmake_target_skip_unavailable' from command line to 'False'
[0.256s] Level 5:colcon.colcon_core.verb:set package 'my_robot_voltage' build argument 'cmake_clean_cache' from command line to 'False'
[0.256s] Level 5:colcon.colcon_core.verb:set package 'my_robot_voltage' build argument 'cmake_clean_first' from command line to 'False'
[0.256s] Level 5:colcon.colcon_core.verb:set package 'my_robot_voltage' build argument 'cmake_force_configure' from command line to 'False'
[0.256s] Level 5:colcon.colcon_core.verb:set package 'my_robot_voltage' build argument 'ament_cmake_args' from command line to 'None'
[0.256s] Level 5:colcon.colcon_core.verb:set package 'my_robot_voltage' build argument 'catkin_cmake_args' from command line to 'None'
[0.256s] Level 5:colcon.colcon_core.verb:set package 'my_robot_voltage' build argument 'catkin_skip_building_tests' from command line to 'False'
[0.256s] DEBUG:colcon.colcon_core.verb:Building package 'my_robot_voltage' with the following arguments: {'ament_cmake_args': None, 'build_base': '/home/amaya/NMTLunabotics2027/ros2_ws/build/my_robot_voltage', 'catkin_cmake_args': None, 'catkin_skip_building_tests': False, 'cmake_args': None, 'cmake_clean_cache': False, 'cmake_clean_first': False, 'cmake_force_configure': False, 'cmake_target': None, 'cmake_target_skip_unavailable': False, 'install_base': '/home/amaya/NMTLunabotics2027/ros2_ws/install/my_robot_voltage', 'merge_install': False, 'path': '/home/amaya/NMTLunabotics2027/ros2_ws/src/my_robot_voltage', 'symlink_install': False, 'test_result_base': None}
[0.256s] INFO:colcon.colcon_core.executor:Executing jobs using 'parallel' executor
[0.256s] DEBUG:colcon.colcon_parallel_executor.executor.parallel:run_until_complete
[0.256s] INFO:colcon.colcon_ros.task.ament_python.build:Building ROS package in '/home/amaya/NMTLunabotics2027/ros2_ws/src/my_robot_voltage' with build type 'ament_python'
[0.257s] Level 1:colcon.colcon_core.shell:create_environment_hook('my_robot_voltage', 'ament_prefix_path')
[0.258s] INFO:colcon.colcon_core.plugin_system:Skipping extension 'colcon_core.shell.bat': Not used on non-Windows systems
[0.258s] INFO:colcon.colcon_core.shell:Creating environment hook '/home/amaya/NMTLunabotics2027/ros2_ws/install/my_robot_voltage/share/my_robot_voltage/hook/ament_prefix_path.ps1'
[0.259s] INFO:colcon.colcon_core.shell:Creating environment descriptor '/home/amaya/NMTLunabotics2027/ros2_ws/install/my_robot_voltage/share/my_robot_voltage/hook/ament_prefix_path.dsv'
[0.259s] INFO:colcon.colcon_core.shell:Creating environment hook '/home/amaya/NMTLunabotics2027/ros2_ws/install/my_robot_voltage/share/my_robot_voltage/hook/ament_prefix_path.sh'
[0.259s] INFO:colcon.colcon_core.shell:Skip shell extension 'powershell' for command environment: Not usable outside of PowerShell
[0.259s] DEBUG:colcon.colcon_core.shell:Skip shell extension 'dsv' for command environment
[0.367s] INFO:colcon.colcon_core.task.python.build:Building Python package in '/home/amaya/NMTLunabotics2027/ros2_ws/src/my_robot_voltage'
[0.367s] INFO:colcon.colcon_core.shell:Skip shell extension 'powershell' for command environment: Not usable outside of PowerShell
[0.367s] DEBUG:colcon.colcon_core.shell:Skip shell extension 'dsv' for command environment
[0.522s] DEBUG:colcon.colcon_core.task.python.build:Available setuptools commands: build_scripts, dist_info, bdist, egg_info, build_py, build_clib, register, install_headers, install_scripts, install_lib, saveopts, build, rotate, symlink_data, check, easy_install, develop, bdist_dumb, sdist, install_egg_info, setopt, test, bdist_rpm, upload, bdist_wheel, alias, install, bdist_egg, upload_docs, build_ext, install_data, clean
[0.524s] DEBUG:colcon.colcon_core.event_handler.log_command:Invoking command in '/home/amaya/NMTLunabotics2027/ros2_ws/src/my_robot_voltage': PYTHONPATH=/home/amaya/NMTLunabotics2027/ros2_ws/build/my_robot_voltage/prefix_override:/usr/lib/python3/dist-packages/colcon_core/task/python/colcon_distutils_commands:/home/amaya/NMTLunabotics2027/ros2_ws/install/my_robot_voltage/lib/python3.10/site-packages:${PYTHONPATH} /usr/bin/python3 -W ignore:setup.py install is deprecated -W ignore:easy_install command is deprecated setup.py egg_info --egg-base ../../build/my_robot_voltage build --build-base /home/amaya/NMTLunabotics2027/ros2_ws/build/my_robot_voltage/build install --record /home/amaya/NMTLunabotics2027/ros2_ws/build/my_robot_voltage/install.log --install-scripts $base/lib/my_robot_voltage --single-version-externally-managed install_data
[0.648s] DEBUG:colcon.colcon_core.event_handler.log_command:Invoked command in '/home/amaya/NMTLunabotics2027/ros2_ws/src/my_robot_voltage' returned '0': PYTHONPATH=/home/amaya/NMTLunabotics2027/ros2_ws/build/my_robot_voltage/prefix_override:/usr/lib/python3/dist-packages/colcon_core/task/python/colcon_distutils_commands:/home/amaya/NMTLunabotics2027/ros2_ws/install/my_robot_voltage/lib/python3.10/site-packages:${PYTHONPATH} /usr/bin/python3 -W ignore:setup.py install is deprecated -W ignore:easy_install command is deprecated setup.py egg_info --egg-base ../../build/my_robot_voltage build --build-base /home/amaya/NMTLunabotics2027/ros2_ws/build/my_robot_voltage/build install --record /home/amaya/NMTLunabotics2027/ros2_ws/build/my_robot_voltage/install.log --install-scripts $base/lib/my_robot_voltage --single-version-externally-managed install_data
[0.651s] Level 1:colcon.colcon_core.environment:checking '/home/amaya/NMTLunabotics2027/ros2_ws/install/my_robot_voltage' for CMake module files
[0.651s] Level 1:colcon.colcon_core.environment:checking '/home/amaya/NMTLunabotics2027/ros2_ws/install/my_robot_voltage' for CMake config files
[0.651s] Level 1:colcon.colcon_core.environment:checking '/home/amaya/NMTLunabotics2027/ros2_ws/install/my_robot_voltage/lib'
[0.652s] Level 1:colcon.colcon_core.environment:checking '/home/amaya/NMTLunabotics2027/ros2_ws/install/my_robot_voltage/bin'
[0.652s] Level 1:colcon.colcon_core.environment:checking '/home/amaya/NMTLunabotics2027/ros2_ws/install/my_robot_voltage/lib/pkgconfig/my_robot_voltage.pc'
[0.652s] Level 1:colcon.colcon_core.environment:checking '/home/amaya/NMTLunabotics2027/ros2_ws/install/my_robot_voltage/lib/python3.10/site-packages'
[0.652s] Level 1:colcon.colcon_core.shell:create_environment_hook('my_robot_voltage', 'pythonpath')
[0.652s] INFO:colcon.colcon_core.shell:Creating environment hook '/home/amaya/NMTLunabotics2027/ros2_ws/install/my_robot_voltage/share/my_robot_voltage/hook/pythonpath.ps1'
[0.652s] INFO:colcon.colcon_core.shell:Creating environment descriptor '/home/amaya/NMTLunabotics2027/ros2_ws/install/my_robot_voltage/share/my_robot_voltage/hook/pythonpath.dsv'
[0.653s] INFO:colcon.colcon_core.shell:Creating environment hook '/home/amaya/NMTLunabotics2027/ros2_ws/install/my_robot_voltage/share/my_robot_voltage/hook/pythonpath.sh'
[0.653s] Level 1:colcon.colcon_core.environment:checking '/home/amaya/NMTLunabotics2027/ros2_ws/install/my_robot_voltage/bin'
[0.653s] Level 1:colcon.colcon_core.environment:create_environment_scripts_only(my_robot_voltage)
[0.653s] INFO:colcon.colcon_core.shell:Creating package script '/home/amaya/NMTLunabotics2027/ros2_ws/install/my_robot_voltage/share/my_robot_voltage/package.ps1'
[0.654s] INFO:colcon.colcon_core.shell:Creating package descriptor '/home/amaya/NMTLunabotics2027/ros2_ws/install/my_robot_voltage/share/my_robot_voltage/package.dsv'
[0.655s] INFO:colcon.colcon_core.shell:Creating package script '/home/amaya/NMTLunabotics2027/ros2_ws/install/my_robot_voltage/share/my_robot_voltage/package.sh'
[0.655s] INFO:colcon.colcon_core.shell:Creating package script '/home/amaya/NMTLunabotics2027/ros2_ws/install/my_robot_voltage/share/my_robot_voltage/package.bash'
[0.656s] INFO:colcon.colcon_core.shell:Creating package script '/home/amaya/NMTLunabotics2027/ros2_ws/install/my_robot_voltage/share/my_robot_voltage/package.zsh'
[0.657s] Level 1:colcon.colcon_core.environment:create_file_with_runtime_dependencies(/home/amaya/NMTLunabotics2027/ros2_ws/install/my_robot_voltage/share/colcon-core/packages/my_robot_voltage)
[0.657s] DEBUG:colcon.colcon_parallel_executor.executor.parallel:closing loop
[0.657s] DEBUG:colcon.colcon_parallel_executor.executor.parallel:loop closed
[0.657s] DEBUG:colcon.colcon_parallel_executor.executor.parallel:run_until_complete finished with '0'
[0.657s] DEBUG:colcon.colcon_core.event_reactor:joining thread
[0.660s] INFO:colcon.colcon_core.plugin_system:Skipping extension 'colcon_notification.desktop_notification.terminal_notifier': Not used on non-Darwin systems
[0.660s] INFO:colcon.colcon_core.plugin_system:Skipping extension 'colcon_notification.desktop_notification.win32': Not used on non-Windows systems
[0.660s] INFO:colcon.colcon_notification.desktop_notification:Sending desktop notification using 'notify2'
[0.672s] DEBUG:colcon.colcon_core.event_reactor:joined thread
[0.672s] INFO:colcon.colcon_core.shell:Creating prefix script '/home/amaya/NMTLunabotics2027/ros2_ws/install/local_setup.ps1'
[0.674s] INFO:colcon.colcon_core.shell:Creating prefix util module '/home/amaya/NMTLunabotics2027/ros2_ws/install/_local_setup_util_ps1.py'
[0.676s] INFO:colcon.colcon_core.shell:Creating prefix chain script '/home/amaya/NMTLunabotics2027/ros2_ws/install/setup.ps1'
[0.678s] INFO:colcon.colcon_core.shell:Creating prefix script '/home/amaya/NMTLunabotics2027/ros2_ws/install/local_setup.sh'
[0.679s] INFO:colcon.colcon_core.shell:Creating prefix util module '/home/amaya/NMTLunabotics2027/ros2_ws/install/_local_setup_util_sh.py'
[0.680s] INFO:colcon.colcon_core.shell:Creating prefix chain script '/home/amaya/NMTLunabotics2027/ros2_ws/install/setup.sh'
[0.681s] INFO:colcon.colcon_core.shell:Creating prefix script '/home/amaya/NMTLunabotics2027/ros2_ws/install/local_setup.bash'
[0.682s] INFO:colcon.colcon_core.shell:Creating prefix chain script '/home/amaya/NMTLunabotics2027/ros2_ws/install/setup.bash'
[0.683s] INFO:colcon.colcon_core.shell:Creating prefix script '/home/amaya/NMTLunabotics2027/ros2_ws/install/local_setup.zsh'
[0.684s] INFO:colcon.colcon_core.shell:Creating prefix chain script '/home/amaya/NMTLunabotics2027/ros2_ws/install/setup.zsh'
