[0.050s] DEBUG:colcon:Command line arguments: ['/usr/bin/colcon', 'build']
[0.050s] DEBUG:colcon:Parsed command line arguments: Namespace(log_base=None, log_level=None, verb_name='build', build_base='build', install_base='install', merge_install=False, symlink_install=False, test_result_base=None, continue_on_error=False, executor='parallel', parallel_workers=32, event_handlers=None, ignore_user_meta=False, metas=['./colcon.meta'], base_paths=['.'], packages_ignore=None, packages_ignore_regex=None, paths=None, packages_up_to=None, packages_up_to_regex=None, packages_above=None, packages_above_and_dependencies=None, packages_above_depth=None, packages_select_by_dep=None, packages_skip_by_dep=None, packages_skip_up_to=None, packages_select_build_failed=False, packages_skip_build_finished=False, packages_select_test_failures=False, packages_skip_test_passed=False, packages_select=None, packages_skip=None, packages_select_regex=None, packages_skip_regex=None, packages_start=None, packages_end=None, allow_overriding=[], cmake_args=None, cmake_target=None, cmake_target_skip_unavailable=False, cmake_clean_cache=False, cmake_clean_first=False, cmake_force_configure=False, ament_cmake_args=None, catkin_cmake_args=None, catkin_skip_building_tests=False, mixin_files=None, mixin=None, verb_parser=<colcon_mixin.mixin.mixin_argument.MixinArgumentDecorator object at 0x73c4356524d0>, verb_extension=<colcon_core.verb.build.BuildVerb object at 0x73c435651c60>, main=<bound method BuildVerb.main of <colcon_core.verb.build.BuildVerb object at 0x73c435651c60>>, mixin_verb=('build',))
[0.145s] Level 1:colcon.colcon_core.package_discovery:discover_packages(colcon_meta) check parameters
[0.145s] Level 1:colcon.colcon_core.package_discovery:discover_packages(recursive) check parameters
[0.145s] Level 1:colcon.colcon_core.package_discovery:discover_packages(ignore) check parameters
[0.145s] Level 1:colcon.colcon_core.package_discovery:discover_packages(path) check parameters
[0.145s] Level 1:colcon.colcon_core.package_discovery:discover_packages(colcon_meta) discover
[0.145s] Level 1:colcon.colcon_core.package_discovery:discover_packages(recursive) discover
[0.145s] INFO:colcon.colcon_core.package_discovery:Crawling recursively for packages in '/home/amaya/NMTLunabotics2027/ros2_ws'
[0.145s] Level 1:colcon.colcon_core.package_identification:_identify(.) by extensions ['ignore', 'ignore_ament_install']
[0.146s] Level 1:colcon.colcon_core.package_identification:_identify(.) by extension 'ignore'
[0.146s] Level 1:colcon.colcon_core.package_identification:_identify(.) by extension 'ignore_ament_install'
[0.146s] Level 1:colcon.colcon_core.package_identification:_identify(.) by extensions ['colcon_pkg']
[0.146s] Level 1:colcon.colcon_core.package_identification:_identify(.) by extension 'colcon_pkg'
[0.146s] Level 1:colcon.colcon_core.package_identification:_identify(.) by extensions ['colcon_meta']
[0.146s] Level 1:colcon.colcon_core.package_identification:_identify(.) by extension 'colcon_meta'
[0.146s] Level 1:colcon.colcon_core.package_identification:_identify(.) by extensions ['ros']
[0.146s] Level 1:colcon.colcon_core.package_identification:_identify(.) by extension 'ros'
[0.152s] Level 1:colcon.colcon_core.package_identification:_identify(.) by extensions ['cmake', 'python']
[0.152s] Level 1:colcon.colcon_core.package_identification:_identify(.) by extension 'cmake'
[0.152s] Level 1:colcon.colcon_core.package_identification:_identify(.) by extension 'python'
[0.152s] Level 1:colcon.colcon_core.package_identification:_identify(.) by extensions ['python_setup_py']
[0.152s] Level 1:colcon.colcon_core.package_identification:_identify(.) by extension 'python_setup_py'
[0.152s] Level 1:colcon.colcon_core.package_identification:_identify(build) by extensions ['ignore', 'ignore_ament_install']
[0.152s] Level 1:colcon.colcon_core.package_identification:_identify(build) by extension 'ignore'
[0.152s] Level 1:colcon.colcon_core.package_identification:_identify(build) ignored
[0.152s] Level 1:colcon.colcon_core.package_identification:_identify(install) by extensions ['ignore', 'ignore_ament_install']
[0.152s] Level 1:colcon.colcon_core.package_identification:_identify(install) by extension 'ignore'
[0.152s] Level 1:colcon.colcon_core.package_identification:_identify(install) ignored
[0.152s] Level 1:colcon.colcon_core.package_identification:_identify(log) by extensions ['ignore', 'ignore_ament_install']
[0.152s] Level 1:colcon.colcon_core.package_identification:_identify(log) by extension 'ignore'
[0.152s] Level 1:colcon.colcon_core.package_identification:_identify(log) ignored
[0.153s] Level 1:colcon.colcon_core.package_identification:_identify(src) by extensions ['ignore', 'ignore_ament_install']
[0.153s] Level 1:colcon.colcon_core.package_identification:_identify(src) by extension 'ignore'
[0.153s] Level 1:colcon.colcon_core.package_identification:_identify(src) by extension 'ignore_ament_install'
[0.153s] Level 1:colcon.colcon_core.package_identification:_identify(src) by extensions ['colcon_pkg']
[0.153s] Level 1:colcon.colcon_core.package_identification:_identify(src) by extension 'colcon_pkg'
[0.153s] Level 1:colcon.colcon_core.package_identification:_identify(src) by extensions ['colcon_meta']
[0.153s] Level 1:colcon.colcon_core.package_identification:_identify(src) by extension 'colcon_meta'
[0.153s] Level 1:colcon.colcon_core.package_identification:_identify(src) by extensions ['ros']
[0.153s] Level 1:colcon.colcon_core.package_identification:_identify(src) by extension 'ros'
[0.153s] Level 1:colcon.colcon_core.package_identification:_identify(src) by extensions ['cmake', 'python']
[0.153s] Level 1:colcon.colcon_core.package_identification:_identify(src) by extension 'cmake'
[0.153s] Level 1:colcon.colcon_core.package_identification:_identify(src) by extension 'python'
[0.153s] Level 1:colcon.colcon_core.package_identification:_identify(src) by extensions ['python_setup_py']
[0.153s] Level 1:colcon.colcon_core.package_identification:_identify(src) by extension 'python_setup_py'
[0.153s] Level 1:colcon.colcon_core.package_identification:_identify(src/camera) by extensions ['ignore', 'ignore_ament_install']
[0.153s] Level 1:colcon.colcon_core.package_identification:_identify(src/camera) by extension 'ignore'
[0.153s] Level 1:colcon.colcon_core.package_identification:_identify(src/camera) by extension 'ignore_ament_install'
[0.153s] Level 1:colcon.colcon_core.package_identification:_identify(src/camera) by extensions ['colcon_pkg']
[0.153s] Level 1:colcon.colcon_core.package_identification:_identify(src/camera) by extension 'colcon_pkg'
[0.153s] Level 1:colcon.colcon_core.package_identification:_identify(src/camera) by extensions ['colcon_meta']
[0.153s] Level 1:colcon.colcon_core.package_identification:_identify(src/camera) by extension 'colcon_meta'
[0.153s] Level 1:colcon.colcon_core.package_identification:_identify(src/camera) by extensions ['ros']
[0.153s] Level 1:colcon.colcon_core.package_identification:_identify(src/camera) by extension 'ros'
[0.155s] DEBUG:colcon.colcon_core.package_identification:Package 'src/camera' with type 'ros.ament_cmake' and name 'camera'
[0.155s] Level 1:colcon.colcon_core.package_identification:_identify(src/my_robot_gui) by extensions ['ignore', 'ignore_ament_install']
[0.155s] Level 1:colcon.colcon_core.package_identification:_identify(src/my_robot_gui) by extension 'ignore'
[0.155s] Level 1:colcon.colcon_core.package_identification:_identify(src/my_robot_gui) by extension 'ignore_ament_install'
[0.155s] Level 1:colcon.colcon_core.package_identification:_identify(src/my_robot_gui) by extensions ['colcon_pkg']
[0.155s] Level 1:colcon.colcon_core.package_identification:_identify(src/my_robot_gui) by extension 'colcon_pkg'
[0.155s] Level 1:colcon.colcon_core.package_identification:_identify(src/my_robot_gui) by extensions ['colcon_meta']
[0.155s] Level 1:colcon.colcon_core.package_identification:_identify(src/my_robot_gui) by extension 'colcon_meta'
[0.155s] Level 1:colcon.colcon_core.package_identification:_identify(src/my_robot_gui) by extensions ['ros']
[0.155s] Level 1:colcon.colcon_core.package_identification:_identify(src/my_robot_gui) by extension 'ros'
[0.155s] DEBUG:colcon.colcon_core.package_identification:Package 'src/my_robot_gui' with type 'ros.ament_python' and name 'my_robot_gui'
[0.155s] Level 1:colcon.colcon_core.package_identification:_identify(src/my_robot_voltage) by extensions ['ignore', 'ignore_ament_install']
[0.155s] Level 1:colcon.colcon_core.package_identification:_identify(src/my_robot_voltage) by extension 'ignore'
[0.155s] Level 1:colcon.colcon_core.package_identification:_identify(src/my_robot_voltage) by extension 'ignore_ament_install'
[0.155s] Level 1:colcon.colcon_core.package_identification:_identify(src/my_robot_voltage) by extensions ['colcon_pkg']
[0.155s] Level 1:colcon.colcon_core.package_identification:_identify(src/my_robot_voltage) by extension 'colcon_pkg'
[0.155s] Level 1:colcon.colcon_core.package_identification:_identify(src/my_robot_voltage) by extensions ['colcon_meta']
[0.155s] Level 1:colcon.colcon_core.package_identification:_identify(src/my_robot_voltage) by extension 'colcon_meta'
[0.155s] Level 1:colcon.colcon_core.package_identification:_identify(src/my_robot_voltage) by extensions ['ros']
[0.155s] Level 1:colcon.colcon_core.package_identification:_identify(src/my_robot_voltage) by extension 'ros'
[0.156s] DEBUG:colcon.colcon_core.package_identification:Package 'src/my_robot_voltage' with type 'ros.ament_python' and name 'my_robot_voltage'
[0.156s] Level 1:colcon.colcon_core.package_discovery:discover_packages(recursive) using defaults
[0.156s] Level 1:colcon.colcon_core.package_discovery:discover_packages(ignore) discover
[0.156s] Level 1:colcon.colcon_core.package_discovery:discover_packages(ignore) using defaults
[0.156s] Level 1:colcon.colcon_core.package_discovery:discover_packages(path) discover
[0.156s] Level 1:colcon.colcon_core.package_discovery:discover_packages(path) using defaults
[0.173s] Level 1:colcon.colcon_core.package_discovery:discover_packages(prefix_path) check parameters
[0.173s] Level 1:colcon.colcon_core.package_discovery:discover_packages(prefix_path) discover
[0.174s] DEBUG:colcon.colcon_installed_package_information.package_discovery:Found 3 installed packages in /home/amaya/NMTLunabotics2027/ros2_ws/install
[0.174s] DEBUG:colcon.colcon_installed_package_information.package_discovery:Found 351 installed packages in /opt/ros/humble
[0.175s] Level 1:colcon.colcon_core.package_discovery:discover_packages(prefix_path) using defaults
[0.194s] Level 5:colcon.colcon_core.verb:set package 'camera' build argument 'cmake_args' from command line to 'None'
[0.194s] Level 5:colcon.colcon_core.verb:set package 'camera' build argument 'cmake_target' from command line to 'None'
[0.194s] Level 5:colcon.colcon_core.verb:set package 'camera' build argument 'cmake_target_skip_unavailable' from command line to 'False'
[0.194s] Level 5:colcon.colcon_core.verb:set package 'camera' build argument 'cmake_clean_cache' from command line to 'False'
[0.194s] Level 5:colcon.colcon_core.verb:set package 'camera' build argument 'cmake_clean_first' from command line to 'False'
[0.194s] Level 5:colcon.colcon_core.verb:set package 'camera' build argument 'cmake_force_configure' from command line to 'False'
[0.194s] Level 5:colcon.colcon_core.verb:set package 'camera' build argument 'ament_cmake_args' from command line to 'None'
[0.194s] Level 5:colcon.colcon_core.verb:set package 'camera' build argument 'catkin_cmake_args' from command line to 'None'
[0.194s] Level 5:colcon.colcon_core.verb:set package 'camera' build argument 'catkin_skip_building_tests' from command line to 'False'
[0.194s] DEBUG:colcon.colcon_core.verb:Building package 'camera' with the following arguments: {'ament_cmake_args': None, 'build_base': '/home/amaya/NMTLunabotics2027/ros2_ws/build/camera', 'catkin_cmake_args': None, 'catkin_skip_building_tests': False, 'cmake_args': None, 'cmake_clean_cache': False, 'cmake_clean_first': False, 'cmake_force_configure': False, 'cmake_target': None, 'cmake_target_skip_unavailable': False, 'install_base': '/home/amaya/NMTLunabotics2027/ros2_ws/install/camera', 'merge_install': False, 'path': '/home/amaya/NMTLunabotics2027/ros2_ws/src/camera', 'symlink_install': False, 'test_result_base': None}
[0.194s] Level 5:colcon.colcon_core.verb:set package 'my_robot_gui' build argument 'cmake_args' from command line to 'None'
[0.194s] Level 5:colcon.colcon_core.verb:set package 'my_robot_gui' build argument 'cmake_target' from command line to 'None'
[0.194s] Level 5:colcon.colcon_core.verb:set package 'my_robot_gui' build argument 'cmake_target_skip_unavailable' from command line to 'False'
[0.194s] Level 5:colcon.colcon_core.verb:set package 'my_robot_gui' build argument 'cmake_clean_cache' from command line to 'False'
[0.194s] Level 5:colcon.colcon_core.verb:set package 'my_robot_gui' build argument 'cmake_clean_first' from command line to 'False'
[0.194s] Level 5:colcon.colcon_core.verb:set package 'my_robot_gui' build argument 'cmake_force_configure' from command line to 'False'
[0.194s] Level 5:colcon.colcon_core.verb:set package 'my_robot_gui' build argument 'ament_cmake_args' from command line to 'None'
[0.194s] Level 5:colcon.colcon_core.verb:set package 'my_robot_gui' build argument 'catkin_cmake_args' from command line to 'None'
[0.194s] Level 5:colcon.colcon_core.verb:set package 'my_robot_gui' build argument 'catkin_skip_building_tests' from command line to 'False'
[0.194s] DEBUG:colcon.colcon_core.verb:Building package 'my_robot_gui' with the following arguments: {'ament_cmake_args': None, 'build_base': '/home/amaya/NMTLunabotics2027/ros2_ws/build/my_robot_gui', 'catkin_cmake_args': None, 'catkin_skip_building_tests': False, 'cmake_args': None, 'cmake_clean_cache': False, 'cmake_clean_first': False, 'cmake_force_configure': False, 'cmake_target': None, 'cmake_target_skip_unavailable': False, 'install_base': '/home/amaya/NMTLunabotics2027/ros2_ws/install/my_robot_gui', 'merge_install': False, 'path': '/home/amaya/NMTLunabotics2027/ros2_ws/src/my_robot_gui', 'symlink_install': False, 'test_result_base': None}
[0.194s] Level 5:colcon.colcon_core.verb:set package 'my_robot_voltage' build argument 'cmake_args' from command line to 'None'
[0.194s] Level 5:colcon.colcon_core.verb:set package 'my_robot_voltage' build argument 'cmake_target' from command line to 'None'
[0.194s] Level 5:colcon.colcon_core.verb:set package 'my_robot_voltage' build argument 'cmake_target_skip_unavailable' from command line to 'False'
[0.194s] Level 5:colcon.colcon_core.verb:set package 'my_robot_voltage' build argument 'cmake_clean_cache' from command line to 'False'
[0.194s] Level 5:colcon.colcon_core.verb:set package 'my_robot_voltage' build argument 'cmake_clean_first' from command line to 'False'
[0.194s] Level 5:colcon.colcon_core.verb:set package 'my_robot_voltage' build argument 'cmake_force_configure' from command line to 'False'
[0.194s] Level 5:colcon.colcon_core.verb:set package 'my_robot_voltage' build argument 'ament_cmake_args' from command line to 'None'
[0.194s] Level 5:colcon.colcon_core.verb:set package 'my_robot_voltage' build argument 'catkin_cmake_args' from command line to 'None'
[0.194s] Level 5:colcon.colcon_core.verb:set package 'my_robot_voltage' build argument 'catkin_skip_building_tests' from command line to 'False'
[0.194s] DEBUG:colcon.colcon_core.verb:Building package 'my_robot_voltage' with the following arguments: {'ament_cmake_args': None, 'build_base': '/home/amaya/NMTLunabotics2027/ros2_ws/build/my_robot_voltage', 'catkin_cmake_args': None, 'catkin_skip_building_tests': False, 'cmake_args': None, 'cmake_clean_cache': False, 'cmake_clean_first': False, 'cmake_force_configure': False, 'cmake_target': None, 'cmake_target_skip_unavailable': False, 'install_base': '/home/amaya/NMTLunabotics2027/ros2_ws/install/my_robot_voltage', 'merge_install': False, 'path': '/home/amaya/NMTLunabotics2027/ros2_ws/src/my_robot_voltage', 'symlink_install': False, 'test_result_base': None}
[0.195s] INFO:colcon.colcon_core.executor:Executing jobs using 'parallel' executor
[0.195s] DEBUG:colcon.colcon_parallel_executor.executor.parallel:run_until_complete
[0.195s] INFO:colcon.colcon_ros.task.ament_cmake.build:Building ROS package in '/home/amaya/NMTLunabotics2027/ros2_ws/src/camera' with build type 'ament_cmake'
[0.195s] INFO:colcon.colcon_cmake.task.cmake.build:Building CMake package in '/home/amaya/NMTLunabotics2027/ros2_ws/src/camera'
[0.196s] INFO:colcon.colcon_core.plugin_system:Skipping extension 'colcon_core.shell.bat': Not used on non-Windows systems
[0.196s] INFO:colcon.colcon_core.shell:Skip shell extension 'powershell' for command environment: Not usable outside of PowerShell
[0.196s] DEBUG:colcon.colcon_core.shell:Skip shell extension 'dsv' for command environment
[0.198s] INFO:colcon.colcon_ros.task.ament_python.build:Building ROS package in '/home/amaya/NMTLunabotics2027/ros2_ws/src/my_robot_gui' with build type 'ament_python'
[0.198s] Level 1:colcon.colcon_core.shell:create_environment_hook('my_robot_gui', 'ament_prefix_path')
[0.198s] INFO:colcon.colcon_core.shell:Creating environment hook '/home/amaya/NMTLunabotics2027/ros2_ws/install/my_robot_gui/share/my_robot_gui/hook/ament_prefix_path.ps1'
[0.198s] INFO:colcon.colcon_core.shell:Creating environment descriptor '/home/amaya/NMTLunabotics2027/ros2_ws/install/my_robot_gui/share/my_robot_gui/hook/ament_prefix_path.dsv'
[0.199s] INFO:colcon.colcon_core.shell:Creating environment hook '/home/amaya/NMTLunabotics2027/ros2_ws/install/my_robot_gui/share/my_robot_gui/hook/ament_prefix_path.sh'
[0.199s] INFO:colcon.colcon_core.shell:Skip shell extension 'powershell' for command environment: Not usable outside of PowerShell
[0.199s] DEBUG:colcon.colcon_core.shell:Skip shell extension 'dsv' for command environment
[0.200s] INFO:colcon.colcon_ros.task.ament_python.build:Building ROS package in '/home/amaya/NMTLunabotics2027/ros2_ws/src/my_robot_voltage' with build type 'ament_python'
[0.200s] Level 1:colcon.colcon_core.shell:create_environment_hook('my_robot_voltage', 'ament_prefix_path')
[0.200s] INFO:colcon.colcon_core.shell:Creating environment hook '/home/amaya/NMTLunabotics2027/ros2_ws/install/my_robot_voltage/share/my_robot_voltage/hook/ament_prefix_path.ps1'
[0.201s] INFO:colcon.colcon_core.shell:Creating environment descriptor '/home/amaya/NMTLunabotics2027/ros2_ws/install/my_robot_voltage/share/my_robot_voltage/hook/ament_prefix_path.dsv'
[0.201s] INFO:colcon.colcon_core.shell:Creating environment hook '/home/amaya/NMTLunabotics2027/ros2_ws/install/my_robot_voltage/share/my_robot_voltage/hook/ament_prefix_path.sh'
[0.201s] INFO:colcon.colcon_core.shell:Skip shell extension 'powershell' for command environment: Not usable outside of PowerShell
[0.201s] DEBUG:colcon.colcon_core.shell:Skip shell extension 'dsv' for command environment
[0.210s] DEBUG:colcon.colcon_core.event_handler.log_command:Invoking command in '/home/amaya/NMTLunabotics2027/ros2_ws/build/camera': CMAKE_PREFIX_PATH=${CMAKE_PREFIX_PATH}:/home/amaya/NMTLunabotics2027/ros2_ws/install/my_robot_voltage:/home/amaya/NMTLunabotics2027/ros2_ws/install/my_robot_gui:/opt/ros/humble /usr/bin/cmake --build /home/amaya/NMTLunabotics2027/ros2_ws/build/camera -- -j32 -l32
[0.314s] INFO:colcon.colcon_core.task.python.build:Building Python package in '/home/amaya/NMTLunabotics2027/ros2_ws/src/my_robot_gui'
[0.314s] INFO:colcon.colcon_core.shell:Skip shell extension 'powershell' for command environment: Not usable outside of PowerShell
[0.314s] DEBUG:colcon.colcon_core.shell:Skip shell extension 'dsv' for command environment
[0.424s] INFO:colcon.colcon_core.task.python.build:Building Python package in '/home/amaya/NMTLunabotics2027/ros2_ws/src/my_robot_voltage'
[0.424s] INFO:colcon.colcon_core.shell:Skip shell extension 'powershell' for command environment: Not usable outside of PowerShell
[0.424s] DEBUG:colcon.colcon_core.shell:Skip shell extension 'dsv' for command environment
[0.426s] DEBUG:colcon.colcon_core.event_handler.log_command:Invoked command in '/home/amaya/NMTLunabotics2027/ros2_ws/build/camera' returned '0': CMAKE_PREFIX_PATH=${CMAKE_PREFIX_PATH}:/home/amaya/NMTLunabotics2027/ros2_ws/install/my_robot_voltage:/home/amaya/NMTLunabotics2027/ros2_ws/install/my_robot_gui:/opt/ros/humble /usr/bin/cmake --build /home/amaya/NMTLunabotics2027/ros2_ws/build/camera -- -j32 -l32
[0.433s] DEBUG:colcon.colcon_core.event_handler.log_command:Invoking command in '/home/amaya/NMTLunabotics2027/ros2_ws/build/camera': CMAKE_PREFIX_PATH=${CMAKE_PREFIX_PATH}:/home/amaya/NMTLunabotics2027/ros2_ws/install/my_robot_voltage:/home/amaya/NMTLunabotics2027/ros2_ws/install/my_robot_gui:/opt/ros/humble /usr/bin/cmake --install /home/amaya/NMTLunabotics2027/ros2_ws/build/camera
[0.440s] Level 1:colcon.colcon_core.environment:create_environment_scripts_only(camera)
[0.440s] DEBUG:colcon.colcon_core.event_handler.log_command:Invoked command in '/home/amaya/NMTLunabotics2027/ros2_ws/build/camera' returned '0': CMAKE_PREFIX_PATH=${CMAKE_PREFIX_PATH}:/home/amaya/NMTLunabotics2027/ros2_ws/install/my_robot_voltage:/home/amaya/NMTLunabotics2027/ros2_ws/install/my_robot_gui:/opt/ros/humble /usr/bin/cmake --install /home/amaya/NMTLunabotics2027/ros2_ws/build/camera
[0.441s] Level 1:colcon.colcon_core.environment:checking '/home/amaya/NMTLunabotics2027/ros2_ws/install/camera' for CMake module files
[0.441s] Level 1:colcon.colcon_core.environment:checking '/home/amaya/NMTLunabotics2027/ros2_ws/install/camera' for CMake config files
[0.441s] Level 1:colcon.colcon_core.shell:create_environment_hook('camera', 'cmake_prefix_path')
[0.441s] INFO:colcon.colcon_core.shell:Creating environment hook '/home/amaya/NMTLunabotics2027/ros2_ws/install/camera/share/camera/hook/cmake_prefix_path.ps1'
[0.441s] INFO:colcon.colcon_core.shell:Creating environment descriptor '/home/amaya/NMTLunabotics2027/ros2_ws/install/camera/share/camera/hook/cmake_prefix_path.dsv'
[0.442s] INFO:colcon.colcon_core.shell:Creating environment hook '/home/amaya/NMTLunabotics2027/ros2_ws/install/camera/share/camera/hook/cmake_prefix_path.sh'
[0.442s] Level 1:colcon.colcon_core.environment:checking '/home/amaya/NMTLunabotics2027/ros2_ws/install/camera/lib'
[0.442s] Level 1:colcon.colcon_core.environment:checking '/home/amaya/NMTLunabotics2027/ros2_ws/install/camera/bin'
[0.442s] Level 1:colcon.colcon_core.environment:checking '/home/amaya/NMTLunabotics2027/ros2_ws/install/camera/lib/pkgconfig/camera.pc'
[0.442s] Level 1:colcon.colcon_core.environment:checking '/home/amaya/NMTLunabotics2027/ros2_ws/install/camera/lib/python3.10/site-packages'
[0.442s] Level 1:colcon.colcon_core.environment:checking '/home/amaya/NMTLunabotics2027/ros2_ws/install/camera/bin'
[0.442s] INFO:colcon.colcon_core.shell:Creating package script '/home/amaya/NMTLunabotics2027/ros2_ws/install/camera/share/camera/package.ps1'
[0.443s] INFO:colcon.colcon_core.shell:Creating package descriptor '/home/amaya/NMTLunabotics2027/ros2_ws/install/camera/share/camera/package.dsv'
[0.443s] INFO:colcon.colcon_core.shell:Creating package script '/home/amaya/NMTLunabotics2027/ros2_ws/install/camera/share/camera/package.sh'
[0.444s] INFO:colcon.colcon_core.shell:Creating package script '/home/amaya/NMTLunabotics2027/ros2_ws/install/camera/share/camera/package.bash'
[0.444s] INFO:colcon.colcon_core.shell:Creating package script '/home/amaya/NMTLunabotics2027/ros2_ws/install/camera/share/camera/package.zsh'
[0.444s] Level 1:colcon.colcon_core.environment:create_file_with_runtime_dependencies(/home/amaya/NMTLunabotics2027/ros2_ws/install/camera/share/colcon-core/packages/camera)
[0.445s] Level 1:colcon.colcon_core.environment:create_environment_scripts_only(camera)
[0.445s] Level 1:colcon.colcon_core.environment:checking '/home/amaya/NMTLunabotics2027/ros2_ws/install/camera' for CMake module files
[0.445s] Level 1:colcon.colcon_core.environment:checking '/home/amaya/NMTLunabotics2027/ros2_ws/install/camera' for CMake config files
[0.445s] Level 1:colcon.colcon_core.shell:create_environment_hook('camera', 'cmake_prefix_path')
[0.445s] INFO:colcon.colcon_core.shell:Creating environment hook '/home/amaya/NMTLunabotics2027/ros2_ws/install/camera/share/camera/hook/cmake_prefix_path.ps1'
[0.445s] INFO:colcon.colcon_core.shell:Creating environment descriptor '/home/amaya/NMTLunabotics2027/ros2_ws/install/camera/share/camera/hook/cmake_prefix_path.dsv'
[0.446s] INFO:colcon.colcon_core.shell:Creating environment hook '/home/amaya/NMTLunabotics2027/ros2_ws/install/camera/share/camera/hook/cmake_prefix_path.sh'
[0.446s] Level 1:colcon.colcon_core.environment:checking '/home/amaya/NMTLunabotics2027/ros2_ws/install/camera/lib'
[0.446s] Level 1:colcon.colcon_core.environment:checking '/home/amaya/NMTLunabotics2027/ros2_ws/install/camera/bin'
[0.446s] Level 1:colcon.colcon_core.environment:checking '/home/amaya/NMTLunabotics2027/ros2_ws/install/camera/lib/pkgconfig/camera.pc'
[0.446s] Level 1:colcon.colcon_core.environment:checking '/home/amaya/NMTLunabotics2027/ros2_ws/install/camera/lib/python3.10/site-packages'
[0.446s] Level 1:colcon.colcon_core.environment:checking '/home/amaya/NMTLunabotics2027/ros2_ws/install/camera/bin'
[0.446s] INFO:colcon.colcon_core.shell:Creating package script '/home/amaya/NMTLunabotics2027/ros2_ws/install/camera/share/camera/package.ps1'
[0.447s] INFO:colcon.colcon_core.shell:Creating package descriptor '/home/amaya/NMTLunabotics2027/ros2_ws/install/camera/share/camera/package.dsv'
[0.447s] INFO:colcon.colcon_core.shell:Creating package script '/home/amaya/NMTLunabotics2027/ros2_ws/install/camera/share/camera/package.sh'
[0.447s] INFO:colcon.colcon_core.shell:Creating package script '/home/amaya/NMTLunabotics2027/ros2_ws/install/camera/share/camera/package.bash'
[0.447s] INFO:colcon.colcon_core.shell:Creating package script '/home/amaya/NMTLunabotics2027/ros2_ws/install/camera/share/camera/package.zsh'
[0.447s] Level 1:colcon.colcon_core.environment:create_file_with_runtime_dependencies(/home/amaya/NMTLunabotics2027/ros2_ws/install/camera/share/colcon-core/packages/camera)
[0.578s] DEBUG:colcon.colcon_core.task.python.build:Available setuptools commands: check, test, upload, install_scripts, upload_docs, build_ext, rotate, build_scripts, clean, sdist, install, alias, easy_install, install_egg_info, saveopts, install_headers, bdist_egg, register, symlink_data, dist_info, build_py, egg_info, install_data, setopt, bdist_wheel, build, install_lib, bdist_rpm, develop, bdist, build_clib, bdist_dumb
[0.580s] DEBUG:colcon.colcon_core.event_handler.log_command:Invoking command in '/home/amaya/NMTLunabotics2027/ros2_ws/src/my_robot_voltage': PYTHONPATH=/home/amaya/NMTLunabotics2027/ros2_ws/build/my_robot_voltage/prefix_override:/usr/lib/python3/dist-packages/colcon_core/task/python/colcon_distutils_commands:/home/amaya/NMTLunabotics2027/ros2_ws/install/my_robot_voltage/lib/python3.10/site-packages:${PYTHONPATH} /usr/bin/python3 -W ignore:setup.py install is deprecated -W ignore:easy_install command is deprecated setup.py egg_info --egg-base ../../build/my_robot_voltage build --build-base /home/amaya/NMTLunabotics2027/ros2_ws/build/my_robot_voltage/build install --record /home/amaya/NMTLunabotics2027/ros2_ws/build/my_robot_voltage/install.log --install-scripts $base/lib/my_robot_voltage --single-version-externally-managed install_data
[0.582s] DEBUG:colcon.colcon_core.task.python.build:Available setuptools commands: check, test, upload, install_scripts, upload_docs, build_ext, rotate, build_scripts, clean, sdist, install, alias, easy_install, install_egg_info, saveopts, install_headers, bdist_egg, register, symlink_data, dist_info, build_py, egg_info, install_data, setopt, bdist_wheel, build, install_lib, bdist_rpm, develop, bdist, build_clib, bdist_dumb
[0.584s] DEBUG:colcon.colcon_core.event_handler.log_command:Invoking command in '/home/amaya/NMTLunabotics2027/ros2_ws/src/my_robot_gui': PYTHONPATH=/home/amaya/NMTLunabotics2027/ros2_ws/build/my_robot_gui/prefix_override:/usr/lib/python3/dist-packages/colcon_core/task/python/colcon_distutils_commands:/home/amaya/NMTLunabotics2027/ros2_ws/install/my_robot_gui/lib/python3.10/site-packages:${PYTHONPATH} /usr/bin/python3 -W ignore:setup.py install is deprecated -W ignore:easy_install command is deprecated setup.py egg_info --egg-base ../../build/my_robot_gui build --build-base /home/amaya/NMTLunabotics2027/ros2_ws/build/my_robot_gui/build install --record /home/amaya/NMTLunabotics2027/ros2_ws/build/my_robot_gui/install.log --install-scripts $base/lib/my_robot_gui --single-version-externally-managed install_data
[0.712s] Level 1:colcon.colcon_core.environment:checking '/home/amaya/NMTLunabotics2027/ros2_ws/install/my_robot_voltage' for CMake module files
[0.712s] DEBUG:colcon.colcon_core.event_handler.log_command:Invoked command in '/home/amaya/NMTLunabotics2027/ros2_ws/src/my_robot_voltage' returned '0': PYTHONPATH=/home/amaya/NMTLunabotics2027/ros2_ws/build/my_robot_voltage/prefix_override:/usr/lib/python3/dist-packages/colcon_core/task/python/colcon_distutils_commands:/home/amaya/NMTLunabotics2027/ros2_ws/install/my_robot_voltage/lib/python3.10/site-packages:${PYTHONPATH} /usr/bin/python3 -W ignore:setup.py install is deprecated -W ignore:easy_install command is deprecated setup.py egg_info --egg-base ../../build/my_robot_voltage build --build-base /home/amaya/NMTLunabotics2027/ros2_ws/build/my_robot_voltage/build install --record /home/amaya/NMTLunabotics2027/ros2_ws/build/my_robot_voltage/install.log --install-scripts $base/lib/my_robot_voltage --single-version-externally-managed install_data
[0.712s] Level 1:colcon.colcon_core.environment:checking '/home/amaya/NMTLunabotics2027/ros2_ws/install/my_robot_voltage' for CMake config files
[0.713s] Level 1:colcon.colcon_core.environment:checking '/home/amaya/NMTLunabotics2027/ros2_ws/install/my_robot_voltage/lib'
[0.713s] Level 1:colcon.colcon_core.environment:checking '/home/amaya/NMTLunabotics2027/ros2_ws/install/my_robot_voltage/bin'
[0.713s] Level 1:colcon.colcon_core.environment:checking '/home/amaya/NMTLunabotics2027/ros2_ws/install/my_robot_voltage/lib/pkgconfig/my_robot_voltage.pc'
[0.713s] Level 1:colcon.colcon_core.environment:checking '/home/amaya/NMTLunabotics2027/ros2_ws/install/my_robot_voltage/lib/python3.10/site-packages'
[0.713s] Level 1:colcon.colcon_core.shell:create_environment_hook('my_robot_voltage', 'pythonpath')
[0.713s] INFO:colcon.colcon_core.shell:Creating environment hook '/home/amaya/NMTLunabotics2027/ros2_ws/install/my_robot_voltage/share/my_robot_voltage/hook/pythonpath.ps1'
[0.713s] INFO:colcon.colcon_core.shell:Creating environment descriptor '/home/amaya/NMTLunabotics2027/ros2_ws/install/my_robot_voltage/share/my_robot_voltage/hook/pythonpath.dsv'
[0.713s] INFO:colcon.colcon_core.shell:Creating environment hook '/home/amaya/NMTLunabotics2027/ros2_ws/install/my_robot_voltage/share/my_robot_voltage/hook/pythonpath.sh'
[0.714s] Level 1:colcon.colcon_core.environment:checking '/home/amaya/NMTLunabotics2027/ros2_ws/install/my_robot_voltage/bin'
[0.714s] Level 1:colcon.colcon_core.environment:create_environment_scripts_only(my_robot_voltage)
[0.714s] INFO:colcon.colcon_core.shell:Creating package script '/home/amaya/NMTLunabotics2027/ros2_ws/install/my_robot_voltage/share/my_robot_voltage/package.ps1'
[0.714s] INFO:colcon.colcon_core.shell:Creating package descriptor '/home/amaya/NMTLunabotics2027/ros2_ws/install/my_robot_voltage/share/my_robot_voltage/package.dsv'
[0.714s] INFO:colcon.colcon_core.shell:Creating package script '/home/amaya/NMTLunabotics2027/ros2_ws/install/my_robot_voltage/share/my_robot_voltage/package.sh'
[0.714s] INFO:colcon.colcon_core.shell:Creating package script '/home/amaya/NMTLunabotics2027/ros2_ws/install/my_robot_voltage/share/my_robot_voltage/package.bash'
[0.715s] INFO:colcon.colcon_core.shell:Creating package script '/home/amaya/NMTLunabotics2027/ros2_ws/install/my_robot_voltage/share/my_robot_voltage/package.zsh'
[0.715s] Level 1:colcon.colcon_core.environment:create_file_with_runtime_dependencies(/home/amaya/NMTLunabotics2027/ros2_ws/install/my_robot_voltage/share/colcon-core/packages/my_robot_voltage)
[0.715s] Level 1:colcon.colcon_core.environment:checking '/home/amaya/NMTLunabotics2027/ros2_ws/install/my_robot_gui' for CMake module files
[0.716s] DEBUG:colcon.colcon_core.event_handler.log_command:Invoked command in '/home/amaya/NMTLunabotics2027/ros2_ws/src/my_robot_gui' returned '0': PYTHONPATH=/home/amaya/NMTLunabotics2027/ros2_ws/build/my_robot_gui/prefix_override:/usr/lib/python3/dist-packages/colcon_core/task/python/colcon_distutils_commands:/home/amaya/NMTLunabotics2027/ros2_ws/install/my_robot_gui/lib/python3.10/site-packages:${PYTHONPATH} /usr/bin/python3 -W ignore:setup.py install is deprecated -W ignore:easy_install command is deprecated setup.py egg_info --egg-base ../../build/my_robot_gui build --build-base /home/amaya/NMTLunabotics2027/ros2_ws/build/my_robot_gui/build install --record /home/amaya/NMTLunabotics2027/ros2_ws/build/my_robot_gui/install.log --install-scripts $base/lib/my_robot_gui --single-version-externally-managed install_data
[0.716s] Level 1:colcon.colcon_core.environment:checking '/home/amaya/NMTLunabotics2027/ros2_ws/install/my_robot_gui' for CMake config files
[0.717s] Level 1:colcon.colcon_core.environment:checking '/home/amaya/NMTLunabotics2027/ros2_ws/install/my_robot_gui/lib'
[0.717s] Level 1:colcon.colcon_core.environment:checking '/home/amaya/NMTLunabotics2027/ros2_ws/install/my_robot_gui/bin'
[0.717s] Level 1:colcon.colcon_core.environment:checking '/home/amaya/NMTLunabotics2027/ros2_ws/install/my_robot_gui/lib/pkgconfig/my_robot_gui.pc'
[0.717s] Level 1:colcon.colcon_core.environment:checking '/home/amaya/NMTLunabotics2027/ros2_ws/install/my_robot_gui/lib/python3.10/site-packages'
[0.717s] Level 1:colcon.colcon_core.shell:create_environment_hook('my_robot_gui', 'pythonpath')
[0.717s] INFO:colcon.colcon_core.shell:Creating environment hook '/home/amaya/NMTLunabotics2027/ros2_ws/install/my_robot_gui/share/my_robot_gui/hook/pythonpath.ps1'
[0.717s] INFO:colcon.colcon_core.shell:Creating environment descriptor '/home/amaya/NMTLunabotics2027/ros2_ws/install/my_robot_gui/share/my_robot_gui/hook/pythonpath.dsv'
[0.718s] INFO:colcon.colcon_core.shell:Creating environment hook '/home/amaya/NMTLunabotics2027/ros2_ws/install/my_robot_gui/share/my_robot_gui/hook/pythonpath.sh'
[0.718s] Level 1:colcon.colcon_core.environment:checking '/home/amaya/NMTLunabotics2027/ros2_ws/install/my_robot_gui/bin'
[0.718s] Level 1:colcon.colcon_core.environment:create_environment_scripts_only(my_robot_gui)
[0.718s] INFO:colcon.colcon_core.shell:Creating package script '/home/amaya/NMTLunabotics2027/ros2_ws/install/my_robot_gui/share/my_robot_gui/package.ps1'
[0.719s] INFO:colcon.colcon_core.shell:Creating package descriptor '/home/amaya/NMTLunabotics2027/ros2_ws/install/my_robot_gui/share/my_robot_gui/package.dsv'
[0.719s] INFO:colcon.colcon_core.shell:Creating package script '/home/amaya/NMTLunabotics2027/ros2_ws/install/my_robot_gui/share/my_robot_gui/package.sh'
[0.720s] INFO:colcon.colcon_core.shell:Creating package script '/home/amaya/NMTLunabotics2027/ros2_ws/install/my_robot_gui/share/my_robot_gui/package.bash'
[0.720s] INFO:colcon.colcon_core.shell:Creating package script '/home/amaya/NMTLunabotics2027/ros2_ws/install/my_robot_gui/share/my_robot_gui/package.zsh'
[0.720s] Level 1:colcon.colcon_core.environment:create_file_with_runtime_dependencies(/home/amaya/NMTLunabotics2027/ros2_ws/install/my_robot_gui/share/colcon-core/packages/my_robot_gui)
[0.720s] DEBUG:colcon.colcon_parallel_executor.executor.parallel:closing loop
[0.720s] DEBUG:colcon.colcon_parallel_executor.executor.parallel:loop closed
[0.720s] DEBUG:colcon.colcon_parallel_executor.executor.parallel:run_until_complete finished with '0'
[0.720s] DEBUG:colcon.colcon_core.event_reactor:joining thread
[0.723s] INFO:colcon.colcon_core.plugin_system:Skipping extension 'colcon_notification.desktop_notification.terminal_notifier': Not used on non-Darwin systems
[0.723s] INFO:colcon.colcon_core.plugin_system:Skipping extension 'colcon_notification.desktop_notification.win32': Not used on non-Windows systems
[0.723s] INFO:colcon.colcon_notification.desktop_notification:Sending desktop notification using 'notify2'
[0.736s] DEBUG:colcon.colcon_core.event_reactor:joined thread
[0.737s] INFO:colcon.colcon_core.shell:Creating prefix script '/home/amaya/NMTLunabotics2027/ros2_ws/install/local_setup.ps1'
[0.738s] INFO:colcon.colcon_core.shell:Creating prefix util module '/home/amaya/NMTLunabotics2027/ros2_ws/install/_local_setup_util_ps1.py'
[0.740s] INFO:colcon.colcon_core.shell:Creating prefix chain script '/home/amaya/NMTLunabotics2027/ros2_ws/install/setup.ps1'
[0.741s] INFO:colcon.colcon_core.shell:Creating prefix script '/home/amaya/NMTLunabotics2027/ros2_ws/install/local_setup.sh'
[0.741s] INFO:colcon.colcon_core.shell:Creating prefix util module '/home/amaya/NMTLunabotics2027/ros2_ws/install/_local_setup_util_sh.py'
[0.742s] INFO:colcon.colcon_core.shell:Creating prefix chain script '/home/amaya/NMTLunabotics2027/ros2_ws/install/setup.sh'
[0.742s] INFO:colcon.colcon_core.shell:Creating prefix script '/home/amaya/NMTLunabotics2027/ros2_ws/install/local_setup.bash'
[0.743s] INFO:colcon.colcon_core.shell:Creating prefix chain script '/home/amaya/NMTLunabotics2027/ros2_ws/install/setup.bash'
[0.743s] INFO:colcon.colcon_core.shell:Creating prefix script '/home/amaya/NMTLunabotics2027/ros2_ws/install/local_setup.zsh'
[0.744s] INFO:colcon.colcon_core.shell:Creating prefix chain script '/home/amaya/NMTLunabotics2027/ros2_ws/install/setup.zsh'
