running egg_info
creating ../../build/my_robot_gui/my_robot_gui.egg-info
writing ../../build/my_robot_gui/my_robot_gui.egg-info/PKG-INFO
writing dependency_links to ../../build/my_robot_gui/my_robot_gui.egg-info/dependency_links.txt
writing entry points to ../../build/my_robot_gui/my_robot_gui.egg-info/entry_points.txt
writing requirements to ../../build/my_robot_gui/my_robot_gui.egg-info/requires.txt
writing top-level names to ../../build/my_robot_gui/my_robot_gui.egg-info/top_level.txt
writing manifest file '../../build/my_robot_gui/my_robot_gui.egg-info/SOURCES.txt'
reading manifest file '../../build/my_robot_gui/my_robot_gui.egg-info/SOURCES.txt'
writing manifest file '../../build/my_robot_gui/my_robot_gui.egg-info/SOURCES.txt'
running build
running build_py
creating /home/amaya/NMTLunabotics2027/ros2_ws/build/my_robot_gui/build
creating /home/amaya/NMTLunabotics2027/ros2_ws/build/my_robot_gui/build/lib
creating /home/amaya/NMTLunabotics2027/ros2_ws/build/my_robot_gui/build/lib/my_robot_gui
copying my_robot_gui/layout_one.py -> /home/amaya/NMTLunabotics2027/ros2_ws/build/my_robot_gui/build/lib/my_robot_gui
copying my_robot_gui/subscriber.py -> /home/amaya/NMTLunabotics2027/ros2_ws/build/my_robot_gui/build/lib/my_robot_gui
copying my_robot_gui/__init__.py -> /home/amaya/NMTLunabotics2027/ros2_ws/build/my_robot_gui/build/lib/my_robot_gui
copying my_robot_gui/main.py -> /home/amaya/NMTLunabotics2027/ros2_ws/build/my_robot_gui/build/lib/my_robot_gui
running install
running install_lib
creating /home/amaya/NMTLunabotics2027/ros2_ws/install/my_robot_gui/lib/python3.10/site-packages/my_robot_gui
copying /home/amaya/NMTLunabotics2027/ros2_ws/build/my_robot_gui/build/lib/my_robot_gui/layout_one.py -> /home/amaya/NMTLunabotics2027/ros2_ws/install/my_robot_gui/lib/python3.10/site-packages/my_robot_gui
copying /home/amaya/NMTLunabotics2027/ros2_ws/build/my_robot_gui/build/lib/my_robot_gui/subscriber.py -> /home/amaya/NMTLunabotics2027/ros2_ws/install/my_robot_gui/lib/python3.10/site-packages/my_robot_gui
copying /home/amaya/NMTLunabotics2027/ros2_ws/build/my_robot_gui/build/lib/my_robot_gui/__init__.py -> /home/amaya/NMTLunabotics2027/ros2_ws/install/my_robot_gui/lib/python3.10/site-packages/my_robot_gui
copying /home/amaya/NMTLunabotics2027/ros2_ws/build/my_robot_gui/build/lib/my_robot_gui/main.py -> /home/amaya/NMTLunabotics2027/ros2_ws/install/my_robot_gui/lib/python3.10/site-packages/my_robot_gui
byte-compiling /home/amaya/NMTLunabotics2027/ros2_ws/install/my_robot_gui/lib/python3.10/site-packages/my_robot_gui/layout_one.py to layout_one.cpython-310.pyc
byte-compiling /home/amaya/NMTLunabotics2027/ros2_ws/install/my_robot_gui/lib/python3.10/site-packages/my_robot_gui/subscriber.py to subscriber.cpython-310.pyc
byte-compiling /home/amaya/NMTLunabotics2027/ros2_ws/install/my_robot_gui/lib/python3.10/site-packages/my_robot_gui/__init__.py to __init__.cpython-310.pyc
  File "/home/amaya/NMTLunabotics2027/ros2_ws/install/my_robot_gui/lib/python3.10/site-packages/my_robot_gui/subscriber.py", line 5
    class BatterySubscriber(Node);
                                 ^
SyntaxError: invalid syntax

byte-compiling /home/amaya/NMTLunabotics2027/ros2_ws/install/my_robot_gui/lib/python3.10/site-packages/my_robot_gui/main.py to main.cpython-310.pyc
running install_data
creating /home/amaya/NMTLunabotics2027/ros2_ws/install/my_robot_gui/share/ament_index
creating /home/amaya/NMTLunabotics2027/ros2_ws/install/my_robot_gui/share/ament_index/resource_index
creating /home/amaya/NMTLunabotics2027/ros2_ws/install/my_robot_gui/share/ament_index/resource_index/packages
copying resource/my_robot_gui -> /home/amaya/NMTLunabotics2027/ros2_ws/install/my_robot_gui/share/ament_index/resource_index/packages
copying package.xml -> /home/amaya/NMTLunabotics2027/ros2_ws/install/my_robot_gui/share/my_robot_gui
running install_egg_info
Copying ../../build/my_robot_gui/my_robot_gui.egg-info to /home/amaya/NMTLunabotics2027/ros2_ws/install/my_robot_gui/lib/python3.10/site-packages/my_robot_gui-0.0.0-py3.10.egg-info
running install_scripts
Installing subscriber script to /home/amaya/NMTLunabotics2027/ros2_ws/install/my_robot_gui/lib/my_robot_gui
writing list of installed files to '/home/amaya/NMTLunabotics2027/ros2_ws/build/my_robot_gui/install.log'
