running egg_info
creating ../../build/my_robot_voltage/my_robot_voltage.egg-info
writing ../../build/my_robot_voltage/my_robot_voltage.egg-info/PKG-INFO
writing dependency_links to ../../build/my_robot_voltage/my_robot_voltage.egg-info/dependency_links.txt
writing entry points to ../../build/my_robot_voltage/my_robot_voltage.egg-info/entry_points.txt
writing requirements to ../../build/my_robot_voltage/my_robot_voltage.egg-info/requires.txt
writing top-level names to ../../build/my_robot_voltage/my_robot_voltage.egg-info/top_level.txt
writing manifest file '../../build/my_robot_voltage/my_robot_voltage.egg-info/SOURCES.txt'
reading manifest file '../../build/my_robot_voltage/my_robot_voltage.egg-info/SOURCES.txt'
writing manifest file '../../build/my_robot_voltage/my_robot_voltage.egg-info/SOURCES.txt'
running build
running build_py
creating /home/amaya/NMTLunabotics2027/ros2_ws/build/my_robot_voltage/build
creating /home/amaya/NMTLunabotics2027/ros2_ws/build/my_robot_voltage/build/lib
creating /home/amaya/NMTLunabotics2027/ros2_ws/build/my_robot_voltage/build/lib/my_robot_voltage
copying my_robot_voltage/voltage_node.py -> /home/amaya/NMTLunabotics2027/ros2_ws/build/my_robot_voltage/build/lib/my_robot_voltage
copying my_robot_voltage/__init__.py -> /home/amaya/NMTLunabotics2027/ros2_ws/build/my_robot_voltage/build/lib/my_robot_voltage
running install
running install_lib
creating /home/amaya/NMTLunabotics2027/ros2_ws/install/my_robot_voltage/lib/python3.10/site-packages/my_robot_voltage
copying /home/amaya/NMTLunabotics2027/ros2_ws/build/my_robot_voltage/build/lib/my_robot_voltage/voltage_node.py -> /home/amaya/NMTLunabotics2027/ros2_ws/install/my_robot_voltage/lib/python3.10/site-packages/my_robot_voltage
copying /home/amaya/NMTLunabotics2027/ros2_ws/build/my_robot_voltage/build/lib/my_robot_voltage/__init__.py -> /home/amaya/NMTLunabotics2027/ros2_ws/install/my_robot_voltage/lib/python3.10/site-packages/my_robot_voltage
byte-compiling /home/amaya/NMTLunabotics2027/ros2_ws/install/my_robot_voltage/lib/python3.10/site-packages/my_robot_voltage/voltage_node.py to voltage_node.cpython-310.pyc
byte-compiling /home/amaya/NMTLunabotics2027/ros2_ws/install/my_robot_voltage/lib/python3.10/site-packages/my_robot_voltage/__init__.py to __init__.cpython-310.pyc
running install_data
creating /home/amaya/NMTLunabotics2027/ros2_ws/install/my_robot_voltage/share/ament_index
creating /home/amaya/NMTLunabotics2027/ros2_ws/install/my_robot_voltage/share/ament_index/resource_index
creating /home/amaya/NMTLunabotics2027/ros2_ws/install/my_robot_voltage/share/ament_index/resource_index/packages
copying resource/my_robot_voltage -> /home/amaya/NMTLunabotics2027/ros2_ws/install/my_robot_voltage/share/ament_index/resource_index/packages
copying package.xml -> /home/amaya/NMTLunabotics2027/ros2_ws/install/my_robot_voltage/share/my_robot_voltage
running install_egg_info
Copying ../../build/my_robot_voltage/my_robot_voltage.egg-info to /home/amaya/NMTLunabotics2027/ros2_ws/install/my_robot_voltage/lib/python3.10/site-packages/my_robot_voltage-0.0.0-py3.10.egg-info
running install_scripts
Installing voltage_node script to /home/amaya/NMTLunabotics2027/ros2_ws/install/my_robot_voltage/lib/my_robot_voltage
writing list of installed files to '/home/amaya/NMTLunabotics2027/ros2_ws/build/my_robot_voltage/install.log'
