[0.267s] Invoking command in '/home/amaya/NMTLunabotics2027/ros2_ws/src/my_robot_voltage': PYTHONPATH=/home/amaya/NMTLunabotics2027/ros2_ws/build/my_robot_voltage/prefix_override:/usr/lib/python3/dist-packages/colcon_core/task/python/colcon_distutils_commands:/home/amaya/NMTLunabotics2027/ros2_ws/install/my_robot_voltage/lib/python3.10/site-packages:${PYTHONPATH} /usr/bin/python3 -W ignore:setup.py install is deprecated -W ignore:easy_install command is deprecated setup.py egg_info --egg-base ../../build/my_robot_voltage build --build-base /home/amaya/NMTLunabotics2027/ros2_ws/build/my_robot_voltage/build install --record /home/amaya/NMTLunabotics2027/ros2_ws/build/my_robot_voltage/install.log --install-scripts $base/lib/my_robot_voltage --single-version-externally-managed install_data
[0.367s] running egg_info
[0.368s] creating ../../build/my_robot_voltage/my_robot_voltage.egg-info
[0.368s] writing ../../build/my_robot_voltage/my_robot_voltage.egg-info/PKG-INFO
[0.368s] writing dependency_links to ../../build/my_robot_voltage/my_robot_voltage.egg-info/dependency_links.txt
[0.368s] writing entry points to ../../build/my_robot_voltage/my_robot_voltage.egg-info/entry_points.txt
[0.368s] writing requirements to ../../build/my_robot_voltage/my_robot_voltage.egg-info/requires.txt
[0.368s] writing top-level names to ../../build/my_robot_voltage/my_robot_voltage.egg-info/top_level.txt
[0.368s] writing manifest file '../../build/my_robot_voltage/my_robot_voltage.egg-info/SOURCES.txt'
[0.369s] reading manifest file '../../build/my_robot_voltage/my_robot_voltage.egg-info/SOURCES.txt'
[0.369s] writing manifest file '../../build/my_robot_voltage/my_robot_voltage.egg-info/SOURCES.txt'
[0.369s] running build
[0.369s] running build_py
[0.369s] creating /home/amaya/NMTLunabotics2027/ros2_ws/build/my_robot_voltage/build
[0.369s] creating /home/amaya/NMTLunabotics2027/ros2_ws/build/my_robot_voltage/build/lib
[0.369s] creating /home/amaya/NMTLunabotics2027/ros2_ws/build/my_robot_voltage/build/lib/my_robot_voltage
[0.369s] copying my_robot_voltage/voltage_node.py -> /home/amaya/NMTLunabotics2027/ros2_ws/build/my_robot_voltage/build/lib/my_robot_voltage
[0.369s] copying my_robot_voltage/__init__.py -> /home/amaya/NMTLunabotics2027/ros2_ws/build/my_robot_voltage/build/lib/my_robot_voltage
[0.369s] running install
[0.369s] running install_lib
[0.370s] creating /home/amaya/NMTLunabotics2027/ros2_ws/install/my_robot_voltage/lib/python3.10/site-packages/my_robot_voltage
[0.370s] copying /home/amaya/NMTLunabotics2027/ros2_ws/build/my_robot_voltage/build/lib/my_robot_voltage/voltage_node.py -> /home/amaya/NMTLunabotics2027/ros2_ws/install/my_robot_voltage/lib/python3.10/site-packages/my_robot_voltage
[0.370s] copying /home/amaya/NMTLunabotics2027/ros2_ws/build/my_robot_voltage/build/lib/my_robot_voltage/__init__.py -> /home/amaya/NMTLunabotics2027/ros2_ws/install/my_robot_voltage/lib/python3.10/site-packages/my_robot_voltage
[0.370s] byte-compiling /home/amaya/NMTLunabotics2027/ros2_ws/install/my_robot_voltage/lib/python3.10/site-packages/my_robot_voltage/voltage_node.py to voltage_node.cpython-310.pyc
[0.370s] byte-compiling /home/amaya/NMTLunabotics2027/ros2_ws/install/my_robot_voltage/lib/python3.10/site-packages/my_robot_voltage/__init__.py to __init__.cpython-310.pyc
[0.370s] running install_data
[0.370s] creating /home/amaya/NMTLunabotics2027/ros2_ws/install/my_robot_voltage/share/ament_index
[0.370s] creating /home/amaya/NMTLunabotics2027/ros2_ws/install/my_robot_voltage/share/ament_index/resource_index
[0.370s] creating /home/amaya/NMTLunabotics2027/ros2_ws/install/my_robot_voltage/share/ament_index/resource_index/packages
[0.370s] copying resource/my_robot_voltage -> /home/amaya/NMTLunabotics2027/ros2_ws/install/my_robot_voltage/share/ament_index/resource_index/packages
[0.370s] copying package.xml -> /home/amaya/NMTLunabotics2027/ros2_ws/install/my_robot_voltage/share/my_robot_voltage
[0.370s] running install_egg_info
[0.371s] Copying ../../build/my_robot_voltage/my_robot_voltage.egg-info to /home/amaya/NMTLunabotics2027/ros2_ws/install/my_robot_voltage/lib/python3.10/site-packages/my_robot_voltage-0.0.0-py3.10.egg-info
[0.371s] running install_scripts
[0.381s] Installing voltage_node script to /home/amaya/NMTLunabotics2027/ros2_ws/install/my_robot_voltage/lib/my_robot_voltage
[0.381s] writing list of installed files to '/home/amaya/NMTLunabotics2027/ros2_ws/build/my_robot_voltage/install.log'
[0.391s] Invoked command in '/home/amaya/NMTLunabotics2027/ros2_ws/src/my_robot_voltage' returned '0': PYTHONPATH=/home/amaya/NMTLunabotics2027/ros2_ws/build/my_robot_voltage/prefix_override:/usr/lib/python3/dist-packages/colcon_core/task/python/colcon_distutils_commands:/home/amaya/NMTLunabotics2027/ros2_ws/install/my_robot_voltage/lib/python3.10/site-packages:${PYTHONPATH} /usr/bin/python3 -W ignore:setup.py install is deprecated -W ignore:easy_install command is deprecated setup.py egg_info --egg-base ../../build/my_robot_voltage build --build-base /home/amaya/NMTLunabotics2027/ros2_ws/build/my_robot_voltage/build install --record /home/amaya/NMTLunabotics2027/ros2_ws/build/my_robot_voltage/install.log --install-scripts $base/lib/my_robot_voltage --single-version-externally-managed install_data
