[0.049s] DEBUG:colcon:Command line arguments: ['/usr/bin/colcon', 'build']
[0.049s] DEBUG:colcon:Parsed command line arguments: Namespace(log_base=None, log_level=None, verb_name='build', build_base='build', install_base='install', merge_install=False, symlink_install=False, test_result_base=None, continue_on_error=False, executor='parallel', parallel_workers=32, event_handlers=None, ignore_user_meta=False, metas=['./colcon.meta'], base_paths=['.'], packages_ignore=None, packages_ignore_regex=None, paths=None, packages_up_to=None, packages_up_to_regex=None, packages_above=None, packages_above_and_dependencies=None, packages_above_depth=None, packages_select_by_dep=None, packages_skip_by_dep=None, packages_skip_up_to=None, packages_select_build_failed=False, packages_skip_build_finished=False, packages_select_test_failures=False, packages_skip_test_passed=False, packages_select=None, packages_skip=None, packages_select_regex=None, packages_skip_regex=None, packages_start=None, packages_end=None, allow_overriding=[], cmake_args=None, cmake_target=None, cmake_target_skip_unavailable=False, cmake_clean_cache=False, cmake_clean_first=False, cmake_force_configure=False, ament_cmake_args=None, catkin_cmake_args=None, catkin_skip_building_tests=False, mixin_files=None, mixin=None, verb_parser=<colcon_mixin.mixin.mixin_argument.MixinArgumentDecorator object at 0x7817dd6524d0>, verb_extension=<colcon_core.verb.build.BuildVerb object at 0x7817dd651c60>, main=<bound method BuildVerb.main of <colcon_core.verb.build.BuildVerb object at 0x7817dd651c60>>, mixin_verb=('build',))
[0.119s] Level 1:colcon.colcon_core.package_discovery:discover_packages(colcon_meta) check parameters
[0.119s] Level 1:colcon.colcon_core.package_discovery:discover_packages(recursive) check parameters
[0.119s] Level 1:colcon.colcon_core.package_discovery:discover_packages(ignore) check parameters
[0.119s] Level 1:colcon.colcon_core.package_discovery:discover_packages(path) check parameters
[0.119s] Level 1:colcon.colcon_core.package_discovery:discover_packages(colcon_meta) discover
[0.119s] Level 1:colcon.colcon_core.package_discovery:discover_packages(recursive) discover
[0.119s] INFO:colcon.colcon_core.package_discovery:Crawling recursively for packages in '/home/amaya/NMTLunabotics2027/ros2_ws'
[0.119s] Level 1:colcon.colcon_core.package_identification:_identify(.) by extensions ['ignore', 'ignore_ament_install']
[0.119s] Level 1:colcon.colcon_core.package_identification:_identify(.) by extension 'ignore'
[0.119s] Level 1:colcon.colcon_core.package_identification:_identify(.) by extension 'ignore_ament_install'
[0.119s] Level 1:colcon.colcon_core.package_identification:_identify(.) by extensions ['colcon_pkg']
[0.119s] Level 1:colcon.colcon_core.package_identification:_identify(.) by extension 'colcon_pkg'
[0.119s] Level 1:colcon.colcon_core.package_identification:_identify(.) by extensions ['colcon_meta']
[0.119s] Level 1:colcon.colcon_core.package_identification:_identify(.) by extension 'colcon_meta'
[0.119s] Level 1:colcon.colcon_core.package_identification:_identify(.) by extensions ['ros']
[0.119s] Level 1:colcon.colcon_core.package_identification:_identify(.) by extension 'ros'
[0.124s] Level 1:colcon.colcon_core.package_identification:_identify(.) by extensions ['cmake', 'python']
[0.124s] Level 1:colcon.colcon_core.package_identification:_identify(.) by extension 'cmake'
[0.124s] Level 1:colcon.colcon_core.package_identification:_identify(.) by extension 'python'
[0.124s] Level 1:colcon.colcon_core.package_identification:_identify(.) by extensions ['python_setup_py']
[0.124s] Level 1:colcon.colcon_core.package_identification:_identify(.) by extension 'python_setup_py'
[0.124s] Level 1:colcon.colcon_core.package_identification:_identify(build) by extensions ['ignore', 'ignore_ament_install']
[0.124s] Level 1:colcon.colcon_core.package_identification:_identify(build) by extension 'ignore'
[0.124s] Level 1:colcon.colcon_core.package_identification:_identify(build) ignored
[0.124s] Level 1:colcon.colcon_core.package_identification:_identify(install) by extensions ['ignore', 'ignore_ament_install']
[0.124s] Level 1:colcon.colcon_core.package_identification:_identify(install) by extension 'ignore'
[0.124s] Level 1:colcon.colcon_core.package_identification:_identify(install) ignored
[0.124s] Level 1:colcon.colcon_core.package_identification:_identify(log) by extensions ['ignore', 'ignore_ament_install']
[0.124s] Level 1:colcon.colcon_core.package_identification:_identify(log) by extension 'ignore'
[0.124s] Level 1:colcon.colcon_core.package_identification:_identify(log) ignored
[0.125s] Level 1:colcon.colcon_core.package_identification:_identify(src) by extensions ['ignore', 'ignore_ament_install']
[0.125s] Level 1:colcon.colcon_core.package_identification:_identify(src) by extension 'ignore'
[0.125s] Level 1:colcon.colcon_core.package_identification:_identify(src) by extension 'ignore_ament_install'
[0.125s] Level 1:colcon.colcon_core.package_identification:_identify(src) by extensions ['colcon_pkg']
[0.125s] Level 1:colcon.colcon_core.package_identification:_identify(src) by extension 'colcon_pkg'
[0.125s] Level 1:colcon.colcon_core.package_identification:_identify(src) by extensions ['colcon_meta']
[0.125s] Level 1:colcon.colcon_core.package_identification:_identify(src) by extension 'colcon_meta'
[0.125s] Level 1:colcon.colcon_core.package_identification:_identify(src) by extensions ['ros']
[0.125s] Level 1:colcon.colcon_core.package_identification:_identify(src) by extension 'ros'
[0.125s] Level 1:colcon.colcon_core.package_identification:_identify(src) by extensions ['cmake', 'python']
[0.125s] Level 1:colcon.colcon_core.package_identification:_identify(src) by extension 'cmake'
[0.125s] Level 1:colcon.colcon_core.package_identification:_identify(src) by extension 'python'
[0.125s] Level 1:colcon.colcon_core.package_identification:_identify(src) by extensions ['python_setup_py']
[0.125s] Level 1:colcon.colcon_core.package_identification:_identify(src) by extension 'python_setup_py'
[0.125s] Level 1:colcon.colcon_core.package_identification:_identify(src/camera) by extensions ['ignore', 'ignore_ament_install']
[0.125s] Level 1:colcon.colcon_core.package_identification:_identify(src/camera) by extension 'ignore'
[0.125s] Level 1:colcon.colcon_core.package_identification:_identify(src/camera) by extension 'ignore_ament_install'
[0.125s] Level 1:colcon.colcon_core.package_identification:_identify(src/camera) by extensions ['colcon_pkg']
[0.125s] Level 1:colcon.colcon_core.package_identification:_identify(src/camera) by extension 'colcon_pkg'
[0.125s] Level 1:colcon.colcon_core.package_identification:_identify(src/camera) by extensions ['colcon_meta']
[0.125s] Level 1:colcon.colcon_core.package_identification:_identify(src/camera) by extension 'colcon_meta'
[0.125s] Level 1:colcon.colcon_core.package_identification:_identify(src/camera) by extensions ['ros']
[0.125s] Level 1:colcon.colcon_core.package_identification:_identify(src/camera) by extension 'ros'
[0.126s] DEBUG:colcon.colcon_core.package_identification:Package 'src/camera' with type 'ros.ament_cmake' and name 'camera'
[0.126s] Level 1:colcon.colcon_core.package_identification:_identify(src/my_robot_gui) by extensions ['ignore', 'ignore_ament_install']
[0.126s] Level 1:colcon.colcon_core.package_identification:_identify(src/my_robot_gui) by extension 'ignore'
[0.126s] Level 1:colcon.colcon_core.package_identification:_identify(src/my_robot_gui) by extension 'ignore_ament_install'
[0.126s] Level 1:colcon.colcon_core.package_identification:_identify(src/my_robot_gui) by extensions ['colcon_pkg']
[0.126s] Level 1:colcon.colcon_core.package_identification:_identify(src/my_robot_gui) by extension 'colcon_pkg'
[0.126s] Level 1:colcon.colcon_core.package_identification:_identify(src/my_robot_gui) by extensions ['colcon_meta']
[0.126s] Level 1:colcon.colcon_core.package_identification:_identify(src/my_robot_gui) by extension 'colcon_meta'
[0.126s] Level 1:colcon.colcon_core.package_identification:_identify(src/my_robot_gui) by extensions ['ros']
[0.126s] Level 1:colcon.colcon_core.package_identification:_identify(src/my_robot_gui) by extension 'ros'
[0.127s] DEBUG:colcon.colcon_core.package_identification:Package 'src/my_robot_gui' with type 'ros.ament_python' and name 'my_robot_gui'
[0.127s] Level 1:colcon.colcon_core.package_identification:_identify(src/my_robot_voltage) by extensions ['ignore', 'ignore_ament_install']
[0.127s] Level 1:colcon.colcon_core.package_identification:_identify(src/my_robot_voltage) by extension 'ignore'
[0.127s] Level 1:colcon.colcon_core.package_identification:_identify(src/my_robot_voltage) by extension 'ignore_ament_install'
[0.127s] Level 1:colcon.colcon_core.package_identification:_identify(src/my_robot_voltage) by extensions ['colcon_pkg']
[0.127s] Level 1:colcon.colcon_core.package_identification:_identify(src/my_robot_voltage) by extension 'colcon_pkg'
[0.127s] Level 1:colcon.colcon_core.package_identification:_identify(src/my_robot_voltage) by extensions ['colcon_meta']
[0.127s] Level 1:colcon.colcon_core.package_identification:_identify(src/my_robot_voltage) by extension 'colcon_meta'
[0.127s] Level 1:colcon.colcon_core.package_identification:_identify(src/my_robot_voltage) by extensions ['ros']
[0.127s] Level 1:colcon.colcon_core.package_identification:_identify(src/my_robot_voltage) by extension 'ros'
[0.127s] DEBUG:colcon.colcon_core.package_identification:Package 'src/my_robot_voltage' with type 'ros.ament_python' and name 'my_robot_voltage'
[0.127s] Level 1:colcon.colcon_core.package_discovery:discover_packages(recursive) using defaults
[0.127s] Level 1:colcon.colcon_core.package_discovery:discover_packages(ignore) discover
[0.127s] Level 1:colcon.colcon_core.package_discovery:discover_packages(ignore) using defaults
[0.127s] Level 1:colcon.colcon_core.package_discovery:discover_packages(path) discover
[0.127s] Level 1:colcon.colcon_core.package_discovery:discover_packages(path) using defaults
[0.140s] Level 1:colcon.colcon_core.package_discovery:discover_packages(prefix_path) check parameters
[0.140s] Level 1:colcon.colcon_core.package_discovery:discover_packages(prefix_path) discover
[0.141s] DEBUG:colcon.colcon_installed_package_information.package_discovery:Found 3 installed packages in /home/amaya/NMTLunabotics2027/ros2_ws/install
[0.141s] DEBUG:colcon.colcon_installed_package_information.package_discovery:Found 351 installed packages in /opt/ros/humble
[0.142s] Level 1:colcon.colcon_core.package_discovery:discover_packages(prefix_path) using defaults
[0.159s] Level 5:colcon.colcon_core.verb:set package 'camera' build argument 'cmake_args' from command line to 'None'
[0.159s] Level 5:colcon.colcon_core.verb:set package 'camera' build argument 'cmake_target' from command line to 'None'
[0.159s] Level 5:colcon.colcon_core.verb:set package 'camera' build argument 'cmake_target_skip_unavailable' from command line to 'False'
[0.159s] Level 5:colcon.colcon_core.verb:set package 'camera' build argument 'cmake_clean_cache' from command line to 'False'
[0.159s] Level 5:colcon.colcon_core.verb:set package 'camera' build argument 'cmake_clean_first' from command line to 'False'
[0.159s] Level 5:colcon.colcon_core.verb:set package 'camera' build argument 'cmake_force_configure' from command line to 'False'
[0.159s] Level 5:colcon.colcon_core.verb:set package 'camera' build argument 'ament_cmake_args' from command line to 'None'
[0.159s] Level 5:colcon.colcon_core.verb:set package 'camera' build argument 'catkin_cmake_args' from command line to 'None'
[0.159s] Level 5:colcon.colcon_core.verb:set package 'camera' build argument 'catkin_skip_building_tests' from command line to 'False'
[0.159s] DEBUG:colcon.colcon_core.verb:Building package 'camera' with the following arguments: {'ament_cmake_args': None, 'build_base': '/home/amaya/NMTLunabotics2027/ros2_ws/build/camera', 'catkin_cmake_args': None, 'catkin_skip_building_tests': False, 'cmake_args': None, 'cmake_clean_cache': False, 'cmake_clean_first': False, 'cmake_force_configure': False, 'cmake_target': None, 'cmake_target_skip_unavailable': False, 'install_base': '/home/amaya/NMTLunabotics2027/ros2_ws/install/camera', 'merge_install': False, 'path': '/home/amaya/NMTLunabotics2027/ros2_ws/src/camera', 'symlink_install': False, 'test_result_base': None}
[0.160s] Level 5:colcon.colcon_core.verb:set package 'my_robot_gui' build argument 'cmake_args' from command line to 'None'
[0.160s] Level 5:colcon.colcon_core.verb:set package 'my_robot_gui' build argument 'cmake_target' from command line to 'None'
[0.160s] Level 5:colcon.colcon_core.verb:set package 'my_robot_gui' build argument 'cmake_target_skip_unavailable' from command line to 'False'
[0.160s] Level 5:colcon.colcon_core.verb:set package 'my_robot_gui' build argument 'cmake_clean_cache' from command line to 'False'
[0.160s] Level 5:colcon.colcon_core.verb:set package 'my_robot_gui' build argument 'cmake_clean_first' from command line to 'False'
[0.160s] Level 5:colcon.colcon_core.verb:set package 'my_robot_gui' build argument 'cmake_force_configure' from command line to 'False'
[0.160s] Level 5:colcon.colcon_core.verb:set package 'my_robot_gui' build argument 'ament_cmake_args' from command line to 'None'
[0.160s] Level 5:colcon.colcon_core.verb:set package 'my_robot_gui' build argument 'catkin_cmake_args' from command line to 'None'
[0.160s] Level 5:colcon.colcon_core.verb:set package 'my_robot_gui' build argument 'catkin_skip_building_tests' from command line to 'False'
[0.160s] DEBUG:colcon.colcon_core.verb:Building package 'my_robot_gui' with the following arguments: {'ament_cmake_args': None, 'build_base': '/home/amaya/NMTLunabotics2027/ros2_ws/build/my_robot_gui', 'catkin_cmake_args': None, 'catkin_skip_building_tests': False, 'cmake_args': None, 'cmake_clean_cache': False, 'cmake_clean_first': False, 'cmake_force_configure': False, 'cmake_target': None, 'cmake_target_skip_unavailable': False, 'install_base': '/home/amaya/NMTLunabotics2027/ros2_ws/install/my_robot_gui', 'merge_install': False, 'path': '/home/amaya/NMTLunabotics2027/ros2_ws/src/my_robot_gui', 'symlink_install': False, 'test_result_base': None}
[0.160s] Level 5:colcon.colcon_core.verb:set package 'my_robot_voltage' build argument 'cmake_args' from command line to 'None'
[0.160s] Level 5:colcon.colcon_core.verb:set package 'my_robot_voltage' build argument 'cmake_target' from command line to 'None'
[0.160s] Level 5:colcon.colcon_core.verb:set package 'my_robot_voltage' build argument 'cmake_target_skip_unavailable' from command line to 'False'
[0.160s] Level 5:colcon.colcon_core.verb:set package 'my_robot_voltage' build argument 'cmake_clean_cache' from command line to 'False'
[0.160s] Level 5:colcon.colcon_core.verb:set package 'my_robot_voltage' build argument 'cmake_clean_first' from command line to 'False'
[0.160s] Level 5:colcon.colcon_core.verb:set package 'my_robot_voltage' build argument 'cmake_force_configure' from command line to 'False'
[0.160s] Level 5:colcon.colcon_core.verb:set package 'my_robot_voltage' build argument 'ament_cmake_args' from command line to 'None'
[0.160s] Level 5:colcon.colcon_core.verb:set package 'my_robot_voltage' build argument 'catkin_cmake_args' from command line to 'None'
[0.160s] Level 5:colcon.colcon_core.verb:set package 'my_robot_voltage' build argument 'catkin_skip_building_tests' from command line to 'False'
[0.160s] DEBUG:colcon.colcon_core.verb:Building package 'my_robot_voltage' with the following arguments: {'ament_cmake_args': None, 'build_base': '/home/amaya/NMTLunabotics2027/ros2_ws/build/my_robot_voltage', 'catkin_cmake_args': None, 'catkin_skip_building_tests': False, 'cmake_args': None, 'cmake_clean_cache': False, 'cmake_clean_first': False, 'cmake_force_configure': False, 'cmake_target': None, 'cmake_target_skip_unavailable': False, 'install_base': '/home/amaya/NMTLunabotics2027/ros2_ws/install/my_robot_voltage', 'merge_install': False, 'path': '/home/amaya/NMTLunabotics2027/ros2_ws/src/my_robot_voltage', 'symlink_install': False, 'test_result_base': None}
[0.160s] INFO:colcon.colcon_core.executor:Executing jobs using 'parallel' executor
[0.161s] DEBUG:colcon.colcon_parallel_executor.executor.parallel:run_until_complete
[0.161s] INFO:colcon.colcon_ros.task.ament_cmake.build:Building ROS package in '/home/amaya/NMTLunabotics2027/ros2_ws/src/camera' with build type 'ament_cmake'
[0.161s] INFO:colcon.colcon_cmake.task.cmake.build:Building CMake package in '/home/amaya/NMTLunabotics2027/ros2_ws/src/camera'
[0.162s] INFO:colcon.colcon_core.plugin_system:Skipping extension 'colcon_core.shell.bat': Not used on non-Windows systems
[0.162s] INFO:colcon.colcon_core.shell:Skip shell extension 'powershell' for command environment: Not usable outside of PowerShell
[0.162s] DEBUG:colcon.colcon_core.shell:Skip shell extension 'dsv' for command environment
[0.163s] INFO:colcon.colcon_ros.task.ament_python.build:Building ROS package in '/home/amaya/NMTLunabotics2027/ros2_ws/src/my_robot_gui' with build type 'ament_python'
[0.164s] Level 1:colcon.colcon_core.shell:create_environment_hook('my_robot_gui', 'ament_prefix_path')
[0.164s] INFO:colcon.colcon_core.shell:Creating environment hook '/home/amaya/NMTLunabotics2027/ros2_ws/install/my_robot_gui/share/my_robot_gui/hook/ament_prefix_path.ps1'
[0.164s] INFO:colcon.colcon_core.shell:Creating environment descriptor '/home/amaya/NMTLunabotics2027/ros2_ws/install/my_robot_gui/share/my_robot_gui/hook/ament_prefix_path.dsv'
[0.164s] INFO:colcon.colcon_core.shell:Creating environment hook '/home/amaya/NMTLunabotics2027/ros2_ws/install/my_robot_gui/share/my_robot_gui/hook/ament_prefix_path.sh'
[0.164s] INFO:colcon.colcon_core.shell:Skip shell extension 'powershell' for command environment: Not usable outside of PowerShell
[0.164s] DEBUG:colcon.colcon_core.shell:Skip shell extension 'dsv' for command environment
[0.166s] INFO:colcon.colcon_ros.task.ament_python.build:Building ROS package in '/home/amaya/NMTLunabotics2027/ros2_ws/src/my_robot_voltage' with build type 'ament_python'
[0.166s] Level 1:colcon.colcon_core.shell:create_environment_hook('my_robot_voltage', 'ament_prefix_path')
[0.166s] INFO:colcon.colcon_core.shell:Creating environment hook '/home/amaya/NMTLunabotics2027/ros2_ws/install/my_robot_voltage/share/my_robot_voltage/hook/ament_prefix_path.ps1'
[0.166s] INFO:colcon.colcon_core.shell:Creating environment descriptor '/home/amaya/NMTLunabotics2027/ros2_ws/install/my_robot_voltage/share/my_robot_voltage/hook/ament_prefix_path.dsv'
[0.166s] INFO:colcon.colcon_core.shell:Creating environment hook '/home/amaya/NMTLunabotics2027/ros2_ws/install/my_robot_voltage/share/my_robot_voltage/hook/ament_prefix_path.sh'
[0.166s] INFO:colcon.colcon_core.shell:Skip shell extension 'powershell' for command environment: Not usable outside of PowerShell
[0.167s] DEBUG:colcon.colcon_core.shell:Skip shell extension 'dsv' for command environment
[0.170s] DEBUG:colcon.colcon_core.event_handler.log_command:Invoking command in '/home/amaya/NMTLunabotics2027/ros2_ws/build/camera': CMAKE_PREFIX_PATH=${CMAKE_PREFIX_PATH}:/home/amaya/NMTLunabotics2027/ros2_ws/install/my_robot_voltage:/home/amaya/NMTLunabotics2027/ros2_ws/install/my_robot_gui:/opt/ros/humble /usr/bin/cmake --build /home/amaya/NMTLunabotics2027/ros2_ws/build/camera -- -j32 -l32
[0.279s] INFO:colcon.colcon_core.task.python.build:Building Python package in '/home/amaya/NMTLunabotics2027/ros2_ws/src/my_robot_gui'
[0.280s] INFO:colcon.colcon_core.shell:Skip shell extension 'powershell' for command environment: Not usable outside of PowerShell
[0.280s] DEBUG:colcon.colcon_core.shell:Skip shell extension 'dsv' for command environment
[0.390s] INFO:colcon.colcon_core.task.python.build:Building Python package in '/home/amaya/NMTLunabotics2027/ros2_ws/src/my_robot_voltage'
[0.390s] INFO:colcon.colcon_core.shell:Skip shell extension 'powershell' for command environment: Not usable outside of PowerShell
[0.390s] DEBUG:colcon.colcon_core.shell:Skip shell extension 'dsv' for command environment
[0.393s] DEBUG:colcon.colcon_core.event_handler.log_command:Invoked command in '/home/amaya/NMTLunabotics2027/ros2_ws/build/camera' returned '0': CMAKE_PREFIX_PATH=${CMAKE_PREFIX_PATH}:/home/amaya/NMTLunabotics2027/ros2_ws/install/my_robot_voltage:/home/amaya/NMTLunabotics2027/ros2_ws/install/my_robot_gui:/opt/ros/humble /usr/bin/cmake --build /home/amaya/NMTLunabotics2027/ros2_ws/build/camera -- -j32 -l32
[0.400s] DEBUG:colcon.colcon_core.event_handler.log_command:Invoking command in '/home/amaya/NMTLunabotics2027/ros2_ws/build/camera': CMAKE_PREFIX_PATH=${CMAKE_PREFIX_PATH}:/home/amaya/NMTLunabotics2027/ros2_ws/install/my_robot_voltage:/home/amaya/NMTLunabotics2027/ros2_ws/install/my_robot_gui:/opt/ros/humble /usr/bin/cmake --install /home/amaya/NMTLunabotics2027/ros2_ws/build/camera
[0.405s] Level 1:colcon.colcon_core.environment:create_environment_scripts_only(camera)
[0.406s] DEBUG:colcon.colcon_core.event_handler.log_command:Invoked command in '/home/amaya/NMTLunabotics2027/ros2_ws/build/camera' returned '0': CMAKE_PREFIX_PATH=${CMAKE_PREFIX_PATH}:/home/amaya/NMTLunabotics2027/ros2_ws/install/my_robot_voltage:/home/amaya/NMTLunabotics2027/ros2_ws/install/my_robot_gui:/opt/ros/humble /usr/bin/cmake --install /home/amaya/NMTLunabotics2027/ros2_ws/build/camera
[0.407s] Level 1:colcon.colcon_core.environment:checking '/home/amaya/NMTLunabotics2027/ros2_ws/install/camera' for CMake module files
[0.408s] Level 1:colcon.colcon_core.environment:checking '/home/amaya/NMTLunabotics2027/ros2_ws/install/camera' for CMake config files
[0.408s] Level 1:colcon.colcon_core.shell:create_environment_hook('camera', 'cmake_prefix_path')
[0.408s] INFO:colcon.colcon_core.shell:Creating environment hook '/home/amaya/NMTLunabotics2027/ros2_ws/install/camera/share/camera/hook/cmake_prefix_path.ps1'
[0.408s] INFO:colcon.colcon_core.shell:Creating environment descriptor '/home/amaya/NMTLunabotics2027/ros2_ws/install/camera/share/camera/hook/cmake_prefix_path.dsv'
[0.408s] INFO:colcon.colcon_core.shell:Creating environment hook '/home/amaya/NMTLunabotics2027/ros2_ws/install/camera/share/camera/hook/cmake_prefix_path.sh'
[0.409s] Level 1:colcon.colcon_core.environment:checking '/home/amaya/NMTLunabotics2027/ros2_ws/install/camera/lib'
[0.409s] Level 1:colcon.colcon_core.environment:checking '/home/amaya/NMTLunabotics2027/ros2_ws/install/camera/bin'
[0.409s] Level 1:colcon.colcon_core.environment:checking '/home/amaya/NMTLunabotics2027/ros2_ws/install/camera/lib/pkgconfig/camera.pc'
[0.409s] Level 1:colcon.colcon_core.environment:checking '/home/amaya/NMTLunabotics2027/ros2_ws/install/camera/lib/python3.10/site-packages'
[0.409s] Level 1:colcon.colcon_core.environment:checking '/home/amaya/NMTLunabotics2027/ros2_ws/install/camera/bin'
[0.409s] INFO:colcon.colcon_core.shell:Creating package script '/home/amaya/NMTLunabotics2027/ros2_ws/install/camera/share/camera/package.ps1'
[0.409s] INFO:colcon.colcon_core.shell:Creating package descriptor '/home/amaya/NMTLunabotics2027/ros2_ws/install/camera/share/camera/package.dsv'
[0.410s] INFO:colcon.colcon_core.shell:Creating package script '/home/amaya/NMTLunabotics2027/ros2_ws/install/camera/share/camera/package.sh'
[0.410s] INFO:colcon.colcon_core.shell:Creating package script '/home/amaya/NMTLunabotics2027/ros2_ws/install/camera/share/camera/package.bash'
[0.410s] INFO:colcon.colcon_core.shell:Creating package script '/home/amaya/NMTLunabotics2027/ros2_ws/install/camera/share/camera/package.zsh'
[0.410s] Level 1:colcon.colcon_core.environment:create_file_with_runtime_dependencies(/home/amaya/NMTLunabotics2027/ros2_ws/install/camera/share/colcon-core/packages/camera)
[0.411s] Level 1:colcon.colcon_core.environment:create_environment_scripts_only(camera)
[0.411s] Level 1:colcon.colcon_core.environment:checking '/home/amaya/NMTLunabotics2027/ros2_ws/install/camera' for CMake module files
[0.411s] Level 1:colcon.colcon_core.environment:checking '/home/amaya/NMTLunabotics2027/ros2_ws/install/camera' for CMake config files
[0.411s] Level 1:colcon.colcon_core.shell:create_environment_hook('camera', 'cmake_prefix_path')
[0.411s] INFO:colcon.colcon_core.shell:Creating environment hook '/home/amaya/NMTLunabotics2027/ros2_ws/install/camera/share/camera/hook/cmake_prefix_path.ps1'
[0.411s] INFO:colcon.colcon_core.shell:Creating environment descriptor '/home/amaya/NMTLunabotics2027/ros2_ws/install/camera/share/camera/hook/cmake_prefix_path.dsv'
[0.411s] INFO:colcon.colcon_core.shell:Creating environment hook '/home/amaya/NMTLunabotics2027/ros2_ws/install/camera/share/camera/hook/cmake_prefix_path.sh'
[0.412s] Level 1:colcon.colcon_core.environment:checking '/home/amaya/NMTLunabotics2027/ros2_ws/install/camera/lib'
[0.412s] Level 1:colcon.colcon_core.environment:checking '/home/amaya/NMTLunabotics2027/ros2_ws/install/camera/bin'
[0.412s] Level 1:colcon.colcon_core.environment:checking '/home/amaya/NMTLunabotics2027/ros2_ws/install/camera/lib/pkgconfig/camera.pc'
[0.412s] Level 1:colcon.colcon_core.environment:checking '/home/amaya/NMTLunabotics2027/ros2_ws/install/camera/lib/python3.10/site-packages'
[0.412s] Level 1:colcon.colcon_core.environment:checking '/home/amaya/NMTLunabotics2027/ros2_ws/install/camera/bin'
[0.412s] INFO:colcon.colcon_core.shell:Creating package script '/home/amaya/NMTLunabotics2027/ros2_ws/install/camera/share/camera/package.ps1'
[0.412s] INFO:colcon.colcon_core.shell:Creating package descriptor '/home/amaya/NMTLunabotics2027/ros2_ws/install/camera/share/camera/package.dsv'
[0.413s] INFO:colcon.colcon_core.shell:Creating package script '/home/amaya/NMTLunabotics2027/ros2_ws/install/camera/share/camera/package.sh'
[0.413s] INFO:colcon.colcon_core.shell:Creating package script '/home/amaya/NMTLunabotics2027/ros2_ws/install/camera/share/camera/package.bash'
[0.413s] INFO:colcon.colcon_core.shell:Creating package script '/home/amaya/NMTLunabotics2027/ros2_ws/install/camera/share/camera/package.zsh'
[0.413s] Level 1:colcon.colcon_core.environment:create_file_with_runtime_dependencies(/home/amaya/NMTLunabotics2027/ros2_ws/install/camera/share/colcon-core/packages/camera)
[0.545s] DEBUG:colcon.colcon_core.task.python.build:Available setuptools commands: install_egg_info, bdist_wheel, install_data, check, register, install_scripts, test, install_headers, bdist, dist_info, build_clib, bdist_rpm, build_ext, build_scripts, bdist_egg, setopt, install_lib, build, sdist, upload_docs, build_py, clean, bdist_dumb, easy_install, develop, egg_info, symlink_data, saveopts, install, upload, rotate, alias
[0.546s] DEBUG:colcon.colcon_core.task.python.build:Available setuptools commands: install_egg_info, bdist_wheel, install_data, check, register, install_scripts, test, install_headers, bdist, dist_info, build_clib, bdist_rpm, build_ext, build_scripts, bdist_egg, setopt, install_lib, build, sdist, upload_docs, build_py, clean, bdist_dumb, easy_install, develop, egg_info, symlink_data, saveopts, install, upload, rotate, alias
[0.547s] DEBUG:colcon.colcon_core.event_handler.log_command:Invoking command in '/home/amaya/NMTLunabotics2027/ros2_ws/src/my_robot_gui': PYTHONPATH=/home/amaya/NMTLunabotics2027/ros2_ws/build/my_robot_gui/prefix_override:/usr/lib/python3/dist-packages/colcon_core/task/python/colcon_distutils_commands:/home/amaya/NMTLunabotics2027/ros2_ws/install/my_robot_gui/lib/python3.10/site-packages:${PYTHONPATH} /usr/bin/python3 -W ignore:setup.py install is deprecated -W ignore:easy_install command is deprecated setup.py egg_info --egg-base ../../build/my_robot_gui build --build-base /home/amaya/NMTLunabotics2027/ros2_ws/build/my_robot_gui/build install --record /home/amaya/NMTLunabotics2027/ros2_ws/build/my_robot_gui/install.log --install-scripts $base/lib/my_robot_gui --single-version-externally-managed install_data
[0.548s] DEBUG:colcon.colcon_core.event_handler.log_command:Invoking command in '/home/amaya/NMTLunabotics2027/ros2_ws/src/my_robot_voltage': PYTHONPATH=/home/amaya/NMTLunabotics2027/ros2_ws/build/my_robot_voltage/prefix_override:/usr/lib/python3/dist-packages/colcon_core/task/python/colcon_distutils_commands:/home/amaya/NMTLunabotics2027/ros2_ws/install/my_robot_voltage/lib/python3.10/site-packages:${PYTHONPATH} /usr/bin/python3 -W ignore:setup.py install is deprecated -W ignore:easy_install command is deprecated setup.py egg_info --egg-base ../../build/my_robot_voltage build --build-base /home/amaya/NMTLunabotics2027/ros2_ws/build/my_robot_voltage/build install --record /home/amaya/NMTLunabotics2027/ros2_ws/build/my_robot_voltage/install.log --install-scripts $base/lib/my_robot_voltage --single-version-externally-managed install_data
[0.673s] Level 1:colcon.colcon_core.environment:checking '/home/amaya/NMTLunabotics2027/ros2_ws/install/my_robot_gui' for CMake module files
[0.673s] DEBUG:colcon.colcon_core.event_handler.log_command:Invoked command in '/home/amaya/NMTLunabotics2027/ros2_ws/src/my_robot_gui' returned '0': PYTHONPATH=/home/amaya/NMTLunabotics2027/ros2_ws/build/my_robot_gui/prefix_override:/usr/lib/python3/dist-packages/colcon_core/task/python/colcon_distutils_commands:/home/amaya/NMTLunabotics2027/ros2_ws/install/my_robot_gui/lib/python3.10/site-packages:${PYTHONPATH} /usr/bin/python3 -W ignore:setup.py install is deprecated -W ignore:easy_install command is deprecated setup.py egg_info --egg-base ../../build/my_robot_gui build --build-base /home/amaya/NMTLunabotics2027/ros2_ws/build/my_robot_gui/build install --record /home/amaya/NMTLunabotics2027/ros2_ws/build/my_robot_gui/install.log --install-scripts $base/lib/my_robot_gui --single-version-externally-managed install_data
[0.674s] Level 1:colcon.colcon_core.environment:checking '/home/amaya/NMTLunabotics2027/ros2_ws/install/my_robot_gui' for CMake config files
[0.674s] Level 1:colcon.colcon_core.environment:checking '/home/amaya/NMTLunabotics2027/ros2_ws/install/my_robot_gui/lib'
[0.674s] Level 1:colcon.colcon_core.environment:checking '/home/amaya/NMTLunabotics2027/ros2_ws/install/my_robot_gui/bin'
[0.674s] Level 1:colcon.colcon_core.environment:checking '/home/amaya/NMTLunabotics2027/ros2_ws/install/my_robot_gui/lib/pkgconfig/my_robot_gui.pc'
[0.675s] Level 1:colcon.colcon_core.environment:checking '/home/amaya/NMTLunabotics2027/ros2_ws/install/my_robot_gui/lib/python3.10/site-packages'
[0.675s] Level 1:colcon.colcon_core.shell:create_environment_hook('my_robot_gui', 'pythonpath')
[0.675s] INFO:colcon.colcon_core.shell:Creating environment hook '/home/amaya/NMTLunabotics2027/ros2_ws/install/my_robot_gui/share/my_robot_gui/hook/pythonpath.ps1'
[0.675s] INFO:colcon.colcon_core.shell:Creating environment descriptor '/home/amaya/NMTLunabotics2027/ros2_ws/install/my_robot_gui/share/my_robot_gui/hook/pythonpath.dsv'
[0.675s] INFO:colcon.colcon_core.shell:Creating environment hook '/home/amaya/NMTLunabotics2027/ros2_ws/install/my_robot_gui/share/my_robot_gui/hook/pythonpath.sh'
[0.676s] Level 1:colcon.colcon_core.environment:checking '/home/amaya/NMTLunabotics2027/ros2_ws/install/my_robot_gui/bin'
[0.676s] Level 1:colcon.colcon_core.environment:create_environment_scripts_only(my_robot_gui)
[0.676s] INFO:colcon.colcon_core.shell:Creating package script '/home/amaya/NMTLunabotics2027/ros2_ws/install/my_robot_gui/share/my_robot_gui/package.ps1'
[0.677s] INFO:colcon.colcon_core.shell:Creating package descriptor '/home/amaya/NMTLunabotics2027/ros2_ws/install/my_robot_gui/share/my_robot_gui/package.dsv'
[0.677s] INFO:colcon.colcon_core.shell:Creating package script '/home/amaya/NMTLunabotics2027/ros2_ws/install/my_robot_gui/share/my_robot_gui/package.sh'
[0.677s] INFO:colcon.colcon_core.shell:Creating package script '/home/amaya/NMTLunabotics2027/ros2_ws/install/my_robot_gui/share/my_robot_gui/package.bash'
[0.678s] INFO:colcon.colcon_core.shell:Creating package script '/home/amaya/NMTLunabotics2027/ros2_ws/install/my_robot_gui/share/my_robot_gui/package.zsh'
[0.678s] Level 1:colcon.colcon_core.environment:create_file_with_runtime_dependencies(/home/amaya/NMTLunabotics2027/ros2_ws/install/my_robot_gui/share/colcon-core/packages/my_robot_gui)
[0.680s] Level 1:colcon.colcon_core.environment:checking '/home/amaya/NMTLunabotics2027/ros2_ws/install/my_robot_voltage' for CMake module files
[0.680s] DEBUG:colcon.colcon_core.event_handler.log_command:Invoked command in '/home/amaya/NMTLunabotics2027/ros2_ws/src/my_robot_voltage' returned '0': PYTHONPATH=/home/amaya/NMTLunabotics2027/ros2_ws/build/my_robot_voltage/prefix_override:/usr/lib/python3/dist-packages/colcon_core/task/python/colcon_distutils_commands:/home/amaya/NMTLunabotics2027/ros2_ws/install/my_robot_voltage/lib/python3.10/site-packages:${PYTHONPATH} /usr/bin/python3 -W ignore:setup.py install is deprecated -W ignore:easy_install command is deprecated setup.py egg_info --egg-base ../../build/my_robot_voltage build --build-base /home/amaya/NMTLunabotics2027/ros2_ws/build/my_robot_voltage/build install --record /home/amaya/NMTLunabotics2027/ros2_ws/build/my_robot_voltage/install.log --install-scripts $base/lib/my_robot_voltage --single-version-externally-managed install_data
[0.681s] Level 1:colcon.colcon_core.environment:checking '/home/amaya/NMTLunabotics2027/ros2_ws/install/my_robot_voltage' for CMake config files
[0.681s] Level 1:colcon.colcon_core.environment:checking '/home/amaya/NMTLunabotics2027/ros2_ws/install/my_robot_voltage/lib'
[0.681s] Level 1:colcon.colcon_core.environment:checking '/home/amaya/NMTLunabotics2027/ros2_ws/install/my_robot_voltage/bin'
[0.681s] Level 1:colcon.colcon_core.environment:checking '/home/amaya/NMTLunabotics2027/ros2_ws/install/my_robot_voltage/lib/pkgconfig/my_robot_voltage.pc'
[0.681s] Level 1:colcon.colcon_core.environment:checking '/home/amaya/NMTLunabotics2027/ros2_ws/install/my_robot_voltage/lib/python3.10/site-packages'
[0.681s] Level 1:colcon.colcon_core.shell:create_environment_hook('my_robot_voltage', 'pythonpath')
[0.681s] INFO:colcon.colcon_core.shell:Creating environment hook '/home/amaya/NMTLunabotics2027/ros2_ws/install/my_robot_voltage/share/my_robot_voltage/hook/pythonpath.ps1'
[0.681s] INFO:colcon.colcon_core.shell:Creating environment descriptor '/home/amaya/NMTLunabotics2027/ros2_ws/install/my_robot_voltage/share/my_robot_voltage/hook/pythonpath.dsv'
[0.681s] INFO:colcon.colcon_core.shell:Creating environment hook '/home/amaya/NMTLunabotics2027/ros2_ws/install/my_robot_voltage/share/my_robot_voltage/hook/pythonpath.sh'
[0.682s] Level 1:colcon.colcon_core.environment:checking '/home/amaya/NMTLunabotics2027/ros2_ws/install/my_robot_voltage/bin'
[0.682s] Level 1:colcon.colcon_core.environment:create_environment_scripts_only(my_robot_voltage)
[0.682s] INFO:colcon.colcon_core.shell:Creating package script '/home/amaya/NMTLunabotics2027/ros2_ws/install/my_robot_voltage/share/my_robot_voltage/package.ps1'
[0.682s] INFO:colcon.colcon_core.shell:Creating package descriptor '/home/amaya/NMTLunabotics2027/ros2_ws/install/my_robot_voltage/share/my_robot_voltage/package.dsv'
[0.682s] INFO:colcon.colcon_core.shell:Creating package script '/home/amaya/NMTLunabotics2027/ros2_ws/install/my_robot_voltage/share/my_robot_voltage/package.sh'
[0.682s] INFO:colcon.colcon_core.shell:Creating package script '/home/amaya/NMTLunabotics2027/ros2_ws/install/my_robot_voltage/share/my_robot_voltage/package.bash'
[0.683s] INFO:colcon.colcon_core.shell:Creating package script '/home/amaya/NMTLunabotics2027/ros2_ws/install/my_robot_voltage/share/my_robot_voltage/package.zsh'
[0.683s] Level 1:colcon.colcon_core.environment:create_file_with_runtime_dependencies(/home/amaya/NMTLunabotics2027/ros2_ws/install/my_robot_voltage/share/colcon-core/packages/my_robot_voltage)
[0.683s] DEBUG:colcon.colcon_parallel_executor.executor.parallel:closing loop
[0.683s] DEBUG:colcon.colcon_parallel_executor.executor.parallel:loop closed
[0.683s] DEBUG:colcon.colcon_parallel_executor.executor.parallel:run_until_complete finished with '0'
[0.683s] DEBUG:colcon.colcon_core.event_reactor:joining thread
[0.685s] INFO:colcon.colcon_core.plugin_system:Skipping extension 'colcon_notification.desktop_notification.terminal_notifier': Not used on non-Darwin systems
[0.685s] INFO:colcon.colcon_core.plugin_system:Skipping extension 'colcon_notification.desktop_notification.win32': Not used on non-Windows systems
[0.685s] INFO:colcon.colcon_notification.desktop_notification:Sending desktop notification using 'notify2'
[0.694s] DEBUG:colcon.colcon_core.event_reactor:joined thread
[0.695s] INFO:colcon.colcon_core.shell:Creating prefix script '/home/amaya/NMTLunabotics2027/ros2_ws/install/local_setup.ps1'
[0.695s] INFO:colcon.colcon_core.shell:Creating prefix util module '/home/amaya/NMTLunabotics2027/ros2_ws/install/_local_setup_util_ps1.py'
[0.696s] INFO:colcon.colcon_core.shell:Creating prefix chain script '/home/amaya/NMTLunabotics2027/ros2_ws/install/setup.ps1'
[0.696s] INFO:colcon.colcon_core.shell:Creating prefix script '/home/amaya/NMTLunabotics2027/ros2_ws/install/local_setup.sh'
[0.697s] INFO:colcon.colcon_core.shell:Creating prefix util module '/home/amaya/NMTLunabotics2027/ros2_ws/install/_local_setup_util_sh.py'
[0.697s] INFO:colcon.colcon_core.shell:Creating prefix chain script '/home/amaya/NMTLunabotics2027/ros2_ws/install/setup.sh'
[0.697s] INFO:colcon.colcon_core.shell:Creating prefix script '/home/amaya/NMTLunabotics2027/ros2_ws/install/local_setup.bash'
[0.697s] INFO:colcon.colcon_core.shell:Creating prefix chain script '/home/amaya/NMTLunabotics2027/ros2_ws/install/setup.bash'
[0.698s] INFO:colcon.colcon_core.shell:Creating prefix script '/home/amaya/NMTLunabotics2027/ros2_ws/install/local_setup.zsh'
[0.698s] INFO:colcon.colcon_core.shell:Creating prefix chain script '/home/amaya/NMTLunabotics2027/ros2_ws/install/setup.zsh'
